Component: ARM Compiler 5.06 update 7 (build 960) Tool: armlink [4d3601]

==============================================================================

Section Cross References

    startup_stm32f10x_md.o(RESET) refers to startup_stm32f10x_md.o(STACK) for __initial_sp
    startup_stm32f10x_md.o(RESET) refers to startup_stm32f10x_md.o(.text) for Reset_Handler
    startup_stm32f10x_md.o(RESET) refers to stm32f10x_it.o(i.NMI_Handler) for NMI_Handler
    startup_stm32f10x_md.o(RESET) refers to stm32f10x_it.o(i.HardFault_Handler) for HardFault_Handler
    startup_stm32f10x_md.o(RESET) refers to stm32f10x_it.o(i.MemManage_Handler) for MemManage_Handler
    startup_stm32f10x_md.o(RESET) refers to stm32f10x_it.o(i.BusFault_Handler) for BusFault_Handler
    startup_stm32f10x_md.o(RESET) refers to stm32f10x_it.o(i.UsageFault_Handler) for UsageFault_Handler
    startup_stm32f10x_md.o(RESET) refers to port.o(.emb_text) for SVC_Handler
    startup_stm32f10x_md.o(RESET) refers to stm32f10x_it.o(i.DebugMon_Handler) for DebugMon_Handler
    startup_stm32f10x_md.o(RESET) refers to port.o(i.SysTick_Handler) for SysTick_Handler
    startup_stm32f10x_md.o(.text) refers to system_stm32f10x.o(i.SystemInit) for SystemInit
    startup_stm32f10x_md.o(.text) refers to entry.o(.ARM.Collect$$$$00000000) for __main
    system_stm32f10x.o(i.SetSysClock) refers to system_stm32f10x.o(i.SetSysClockTo72) for SetSysClockTo72
    system_stm32f10x.o(i.SystemCoreClockUpdate) refers to system_stm32f10x.o(.data) for SystemCoreClock
    system_stm32f10x.o(i.SystemInit) refers to system_stm32f10x.o(i.SetSysClock) for SetSysClock
    main.o(i.dht22Task) refers to heap_4.o(i.pvPortMalloc) for pvPortMalloc
    main.o(i.dht22Task) refers to memseta.o(.text) for __aeabi_memclr4
    main.o(i.dht22Task) refers to dht22.o(i.DHT22_Init) for DHT22_Init
    main.o(i.dht22Task) refers to dht22.o(i.DHT22_StartMeasurement) for DHT22_StartMeasurement
    main.o(i.dht22Task) refers to tasks.o(i.vTaskDelay) for vTaskDelay
    main.o(i.dht22Task) refers to dht22.o(i.DHT22_Read) for DHT22_Read
    main.o(i.dht22Task) refers to fadd.o(.text) for __aeabi_fadd
    main.o(i.dht22Task) refers to fdiv.o(.text) for __aeabi_fdiv
    main.o(i.dht22Task) refers to queue.o(i.xQueueGenericSend) for xQueueGenericSend
    main.o(i.dht22Task) refers to main.o(.data) for xDHT22Queue
    main.o(i.displayTask) refers to queue.o(i.xQueueReceive) for xQueueReceive
    main.o(i.displayTask) refers to ffixui.o(.text) for __aeabi_f2uiz
    main.o(i.displayTask) refers to ffixi.o(.text) for __aeabi_f2iz
    main.o(i.displayTask) refers to oled.o(i.OLED_Clear) for OLED_Clear
    main.o(i.displayTask) refers to oled.o(i.OLED_ShowString) for OLED_ShowString
    main.o(i.displayTask) refers to oled.o(i.OLED_ShowNum) for OLED_ShowNum
    main.o(i.displayTask) refers to oled.o(i.OLED_ShowSignedNum) for OLED_ShowSignedNum
    main.o(i.displayTask) refers to tasks.o(i.vTaskDelay) for vTaskDelay
    main.o(i.displayTask) refers to main.o(.data) for xDHT22Queue
    main.o(i.light_sensorTask) refers to light_sensor.o(i.LIGHT_Sensor_Init) for LIGHT_Sensor_Init
    main.o(i.light_sensorTask) refers to light_sensor.o(i.LIGHT_Read_AO) for LIGHT_Read_AO
    main.o(i.light_sensorTask) refers to queue.o(i.xQueueGenericSend) for xQueueGenericSend
    main.o(i.light_sensorTask) refers to tasks.o(i.vTaskDelay) for vTaskDelay
    main.o(i.light_sensorTask) refers to main.o(.data) for xLightQueue
    main.o(i.main) refers to queue.o(i.xQueueGenericCreate) for xQueueGenericCreate
    main.o(i.main) refers to stm32f10x_rcc.o(i.RCC_APB2PeriphClockCmd) for RCC_APB2PeriphClockCmd
    main.o(i.main) refers to stm32f10x_gpio.o(i.GPIO_Init) for GPIO_Init
    main.o(i.main) refers to stm32f10x_gpio.o(i.GPIO_ResetBits) for GPIO_ResetBits
    main.o(i.main) refers to serial.o(i.Serial_Init) for Serial_Init
    main.o(i.main) refers to oled.o(i.OLED_Init) for OLED_Init
    main.o(i.main) refers to free_rtos_delay.o(i.TIM2_Delay_Init) for TIM2_Delay_Init
    main.o(i.main) refers to tasks.o(i.xTaskCreate) for xTaskCreate
    main.o(i.main) refers to tasks.o(i.vTaskStartScheduler) for vTaskStartScheduler
    main.o(i.main) refers to main.o(.data) for xDHT22Queue
    main.o(i.main) refers to main.o(i.myTask) for myTask
    main.o(i.main) refers to main.o(i.dht22Task) for dht22Task
    main.o(i.main) refers to main.o(i.displayTask) for displayTask
    main.o(i.main) refers to main.o(i.printhello) for printhello
    main.o(i.main) refers to main.o(i.light_sensorTask) for light_sensorTask
    main.o(i.main) refers to main.o(i.usart_esp32Task) for usart_esp32Task
    main.o(i.myTask) refers to stm32f10x_gpio.o(i.GPIO_ResetBits) for GPIO_ResetBits
    main.o(i.myTask) refers to tasks.o(i.vTaskDelay) for vTaskDelay
    main.o(i.myTask) refers to stm32f10x_gpio.o(i.GPIO_SetBits) for GPIO_SetBits
    main.o(i.printhello) refers to printfb.o(i.__0printf$bare) for __2printf
[...]
    Removing stm32f10x_tim.o(i.TIM_OC2Init), (164 bytes).
    Removing stm32f10x_tim.o(i.TIM_OC2NPolarityConfig), (26 bytes).
    Removing stm32f10x_tim.o(i.TIM_OC2PolarityConfig), (26 bytes).
    Removing stm32f10x_tim.o(i.TIM_OC2PreloadConfig), (26 bytes).
    Removing stm32f10x_tim.o(i.TIM_OC3FastConfig), (18 bytes).
    Removing stm32f10x_tim.o(i.TIM_OC3Init), (160 bytes).
    Removing stm32f10x_tim.o(i.TIM_OC3NPolarityConfig), (26 bytes).
    Removing stm32f10x_tim.o(i.TIM_OC3PolarityConfig), (26 bytes).
    Removing stm32f10x_tim.o(i.TIM_OC3PreloadConfig), (18 bytes).
    Removing stm32f10x_tim.o(i.TIM_OC4FastConfig), (26 bytes).
    Removing stm32f10x_tim.o(i.TIM_OC4Init), (124 bytes).
    Removing stm32f10x_tim.o(i.TIM_OC4PolarityConfig), (26 bytes).
    Removing stm32f10x_tim.o(i.TIM_OC4PreloadConfig), (26 bytes).
    Removing stm32f10x_tim.o(i.TIM_OCStructInit), (20 bytes).
    Removing stm32f10x_tim.o(i.TIM_PWMIConfig), (124 bytes).
    Removing stm32f10x_tim.o(i.TIM_PrescalerConfig), (6 bytes).
    Removing stm32f10x_tim.o(i.TIM_SelectCCDMA), (24 bytes).
    Removing stm32f10x_tim.o(i.TIM_SelectCOM), (24 bytes).
    Removing stm32f10x_tim.o(i.TIM_SelectHallSensor), (24 bytes).
    Removing stm32f10x_tim.o(i.TIM_SelectInputTrigger), (18 bytes).
    Removing stm32f10x_tim.o(i.TIM_SelectMasterSlaveMode), (18 bytes).
    Removing stm32f10x_tim.o(i.TIM_SelectOCxM), (82 bytes).
    Removing stm32f10x_tim.o(i.TIM_SelectOnePulseMode), (18 bytes).
    Removing stm32f10x_tim.o(i.TIM_SelectOutputTrigger), (18 bytes).
    Removing stm32f10x_tim.o(i.TIM_SelectSlaveMode), (18 bytes).
    Removing stm32f10x_tim.o(i.TIM_SetAutoreload), (4 bytes).
    Removing stm32f10x_tim.o(i.TIM_SetClockDivision), (18 bytes).
    Removing stm32f10x_tim.o(i.TIM_SetCompare1), (4 bytes).
    Removing stm32f10x_tim.o(i.TIM_SetCompare2), (4 bytes).
    Removing stm32f10x_tim.o(i.TIM_SetCompare3), (4 bytes).
    Removing stm32f10x_tim.o(i.TIM_SetCompare4), (6 bytes).
    Removing stm32f10x_tim.o(i.TIM_SetCounter), (4 bytes).
    Removing stm32f10x_tim.o(i.TIM_SetIC1Prescaler), (18 bytes).
    Removing stm32f10x_tim.o(i.TIM_SetIC2Prescaler), (26 bytes).
    Removing stm32f10x_tim.o(i.TIM_SetIC3Prescaler), (18 bytes).
    Removing stm32f10x_tim.o(i.TIM_SetIC4Prescaler), (26 bytes).
    Removing stm32f10x_tim.o(i.TIM_TIxExternalClockConfig), (62 bytes).
    Removing stm32f10x_tim.o(i.TIM_TimeBaseStructInit), (18 bytes).
    Removing stm32f10x_tim.o(i.TIM_UpdateDisableConfig), (24 bytes).
    Removing stm32f10x_tim.o(i.TIM_UpdateRequestConfig), (24 bytes).
    Removing stm32f10x_usart.o(i.USART_ClearFlag), (18 bytes).
    Removing stm32f10x_usart.o(i.USART_ClearITPendingBit), (30 bytes).
    Removing stm32f10x_usart.o(i.USART_ClockInit), (34 bytes).
    Removing stm32f10x_usart.o(i.USART_ClockStructInit), (12 bytes).
    Removing stm32f10x_usart.o(i.USART_DMACmd), (18 bytes).
    Removing stm32f10x_usart.o(i.USART_DeInit), (156 bytes).
    Removing stm32f10x_usart.o(i.USART_GetITStatus), (84 bytes).
    Removing stm32f10x_usart.o(i.USART_HalfDuplexCmd), (24 bytes).
    Removing stm32f10x_usart.o(i.USART_ITConfig), (74 bytes).
    Removing stm32f10x_usart.o(i.USART_IrDACmd), (24 bytes).
    Removing stm32f10x_usart.o(i.USART_IrDAConfig), (18 bytes).
    Removing stm32f10x_usart.o(i.USART_LINBreakDetectLengthConfig), (18 bytes).
    Removing stm32f10x_usart.o(i.USART_LINCmd), (24 bytes).
    Removing stm32f10x_usart.o(i.USART_OneBitMethodCmd), (24 bytes).
    Removing stm32f10x_usart.o(i.USART_OverSampling8Cmd), (22 bytes).
    Removing stm32f10x_usart.o(i.USART_ReceiveData), (10 bytes).
    Removing stm32f10x_usart.o(i.USART_ReceiverWakeUpCmd), (24 bytes).
    Removing stm32f10x_usart.o(i.USART_SendBreak), (10 bytes).
    Removing stm32f10x_usart.o(i.USART_SetAddress), (18 bytes).
    Removing stm32f10x_usart.o(i.USART_SetGuardTime), (16 bytes).
    Removing stm32f10x_usart.o(i.USART_SetPrescaler), (16 bytes).
    Removing stm32f10x_usart.o(i.USART_SmartCardCmd), (24 bytes).
    Removing stm32f10x_usart.o(i.USART_SmartCardNACKCmd), (24 bytes).
    Removing stm32f10x_usart.o(i.USART_StructInit), (24 bytes).
    Removing stm32f10x_usart.o(i.USART_WakeUpConfig), (18 bytes).
    Removing stm32f10x_wwdg.o(i.WWDG_ClearFlag), (12 bytes).
    Removing stm32f10x_wwdg.o(i.WWDG_DeInit), (22 bytes).
    Removing stm32f10x_wwdg.o(i.WWDG_Enable), (16 bytes).
    Removing stm32f10x_wwdg.o(i.WWDG_EnableIT), (12 bytes).
    Removing stm32f10x_wwdg.o(i.WWDG_GetFlagStatus), (12 bytes).
    Removing stm32f10x_wwdg.o(i.WWDG_SetCounter), (16 bytes).
    Removing stm32f10x_wwdg.o(i.WWDG_SetPrescaler), (24 bytes).
    Removing stm32f10x_wwdg.o(i.WWDG_SetWindowValue), (40 bytes).
    Removing oled.o(i.OLED_ShowBinNum), (62 bytes).
    Removing oled.o(i.OLED_ShowHexNum), (84 bytes).
    Removing light_sensor.o(i.LIGHT_Read_DO), (16 bytes).
    Removing anomaly_detector.o(i.AnomalyDetector_GetMean), (6 bytes).
    Removing anomaly_detector.o(i.AnomalyDetector_GetStddev), (6 bytes).
    Removing event_groups.o(i.prvTestWaitCondition), (30 bytes).
    Removing event_groups.o(i.vEventGroupClearBitsCallback), (16 bytes).
    Removing event_groups.o(i.vEventGroupDelete), (42 bytes).
    Removing event_groups.o(i.vEventGroupSetBitsCallback), (16 bytes).
    Removing event_groups.o(i.xEventGroupClearBits), (32 bytes).
    Removing event_groups.o(i.xEventGroupCreate), (26 bytes).
    Removing event_groups.o(i.xEventGroupGetBitsFromISR), (44 bytes).
    Removing event_groups.o(i.xEventGroupSetBits), (146 bytes).
    Removing event_groups.o(i.xEventGroupSync), (168 bytes).
    Removing event_groups.o(i.xEventGroupWaitBits), (204 bytes).
    Removing list.o(i.vListInsertEnd), (24 bytes).
    Removing queue.o(i.uxQueueGetQueueItemSize), (6 bytes).
    Removing queue.o(i.uxQueueGetQueueLength), (6 bytes).
    Removing queue.o(i.uxQueueMessagesWaiting), (18 bytes).
    Removing queue.o(i.uxQueueMessagesWaitingFromISR), (8 bytes).
    Removing queue.o(i.uxQueueSpacesAvailable), (24 bytes).
    Removing queue.o(i.vQueueDelete), (14 bytes).
    Removing queue.o(i.xQueueGenericSendFromISR), (154 bytes).
    Removing queue.o(i.xQueueGiveFromISR), (134 bytes).
    Removing queue.o(i.xQueueIsQueueEmptyFromISR), (16 bytes).
    Removing queue.o(i.xQueueIsQueueFullFromISR), (22 bytes).
    Removing queue.o(i.xQueuePeekFromISR), (74 bytes).
    Removing queue.o(i.xQueueReceiveFromISR), (142 bytes).
    Removing queue.o(i.xQueueSemaphoreTake), (240 bytes).
    Removing stream_buffer.o(i.prvBytesInBuffer), (24 bytes).
    Removing stream_buffer.o(i.prvInitialiseNewStreamBuffer), (46 bytes).
    Removing stream_buffer.o(i.prvReadBytesFromBuffer), (76 bytes).
    Removing stream_buffer.o(i.prvReadMessageFromBuffer), (90 bytes).
    Removing stream_buffer.o(i.prvWriteBytesToBuffer), (76 bytes).
    Removing stream_buffer.o(i.prvWriteMessageToBuffer), (88 bytes).
    Removing stream_buffer.o(i.uxStreamBufferGetStreamBufferNotificationIndex), (8 bytes).
    Removing stream_buffer.o(i.vStreamBufferDelete), (32 bytes).
    Removing stream_buffer.o(i.vStreamBufferSetStreamBufferNotificationIndex), (6 bytes).
    Removing stream_buffer.o(i.xStreamBufferBytesAvailable), (18 bytes).
    Removing stream_buffer.o(i.xStreamBufferGenericCreate), (92 bytes).
    Removing stream_buffer.o(i.xStreamBufferIsEmpty), (22 bytes).
    Removing stream_buffer.o(i.xStreamBufferIsFull), (40 bytes).
    Removing stream_buffer.o(i.xStreamBufferNextMessageLengthBytes), (52 bytes).
    Removing stream_buffer.o(i.xStreamBufferReceive), (192 bytes).
    Removing stream_buffer.o(i.xStreamBufferReceiveCompletedFromISR), (80 bytes).
    Removing stream_buffer.o(i.xStreamBufferReceiveFromISR), (134 bytes).
    Removing stream_buffer.o(i.xStreamBufferReset), (56 bytes).
    Removing stream_buffer.o(i.xStreamBufferResetFromISR), (80 bytes).
    Removing stream_buffer.o(i.xStreamBufferSend), (226 bytes).
    Removing stream_buffer.o(i.xStreamBufferSendCompletedFromISR), (80 bytes).
    Removing stream_buffer.o(i.xStreamBufferSendFromISR), (136 bytes).
    Removing stream_buffer.o(i.xStreamBufferSetTriggerLevel), (26 bytes).
    Removing stream_buffer.o(i.xStreamBufferSpacesAvailable), (40 bytes).
    Removing tasks.o(i.pcTaskGetName), (24 bytes).
    Removing tasks.o(i.prvTaskIsTaskSuspended), (96 bytes).
    Removing tasks.o(i.ulTaskGenericNotifyTake), (172 bytes).
    Removing tasks.o(i.ulTaskGenericNotifyValueClear), (64 bytes).
    Removing tasks.o(i.uxTaskGetNumberOfTasks), (12 bytes).
    Removing tasks.o(i.uxTaskPriorityGet), (36 bytes).
    Removing tasks.o(i.uxTaskPriorityGetFromISR), (56 bytes).
    Removing tasks.o(i.uxTaskResetEventItemValue), (28 bytes).
    Removing tasks.o(i.vTaskDelete), (236 bytes).
    Removing tasks.o(i.vTaskEndScheduler), (64 bytes).
    Removing tasks.o(i.vTaskGenericNotifyGiveFromISR), (348 bytes).
    Removing tasks.o(i.vTaskPlaceOnUnorderedEventList), (84 bytes).
    Removing tasks.o(i.vTaskPrioritySet), (304 bytes).
    Removing tasks.o(i.vTaskRemoveFromUnorderedEventList), (224 bytes).
    Removing tasks.o(i.vTaskResetState), (116 bytes).
    Removing tasks.o(i.vTaskResume), (188 bytes).
    Removing tasks.o(i.vTaskSetTimeOutState), (36 bytes).
    Removing tasks.o(i.vTaskSuspend), (220 bytes).
    Removing tasks.o(i.xTaskCatchUpTicks), (40 bytes).
    Removing tasks.o(i.xTaskDelayUntil), (116 bytes).
    Removing tasks.o(i.xTaskGenericNotify), (348 bytes).
    Removing tasks.o(i.xTaskGenericNotifyFromISR), (516 bytes).
    Removing tasks.o(i.xTaskGenericNotifyStateClear), (64 bytes).
    Removing tasks.o(i.xTaskGenericNotifyWait), (208 bytes).
    Removing tasks.o(i.xTaskGetCurrentTaskHandle), (12 bytes).
    Removing tasks.o(i.xTaskGetCurrentTaskHandleForCore), (32 bytes).
    Removing tasks.o(i.xTaskGetTickCount), (12 bytes).
    Removing tasks.o(i.xTaskGetTickCountFromISR), (12 bytes).
    Removing tasks.o(i.xTaskResumeFromISR), (220 bytes).
    Removing port.o(i.vPortEndScheduler), (2 bytes).
    Removing heap_4.o(i.pvPortCalloc), (54 bytes).
    Removing heap_4.o(i.vPortGetHeapStats), (128 bytes).
    Removing heap_4.o(i.vPortHeapResetState), (44 bytes).
    Removing heap_4.o(i.vPortInitialiseBlocks), (2 bytes).
    Removing heap_4.o(i.xPortGetFreeHeapSize), (12 bytes).
    Removing heap_4.o(i.xPortGetMinimumEverFreeHeapSize), (12 bytes).
    Removing dadd.o(.text), (334 bytes).
    Removing dmul.o(.text), (228 bytes).
    Removing ddiv.o(.text), (222 bytes).
    Removing dfixul.o(.text), (48 bytes).
    Removing cdrcmple.o(.text), (48 bytes).
    Removing depilogue.o(.text), (186 bytes).

544 unused section(s) (total 26992 bytes) removed from the image.

==============================================================================

Image Symbol Table

    Local Symbols

    Symbol Name                              Value     Ov Type        Size  Object(Section)

    ../clib/microlib/division.c              0x00000000   Number         0  uidiv.o ABSOLUTE
    ../clib/microlib/division.c              0x00000000   Number         0  uldiv.o ABSOLUTE
    ../clib/microlib/errno.c                 0x00000000   Number         0  errno.o ABSOLUTE
    ../clib/microlib/init/entry.s            0x00000000   Number         0  entry11b.o ABSOLUTE
    ../clib/microlib/init/entry.s            0x00000000   Number         0  entry7b.o ABSOLUTE
    ../clib/microlib/init/entry.s            0x00000000   Number         0  entry7a.o ABSOLUTE
    ../clib/microlib/init/entry.s            0x00000000   Number         0  entry8a.o ABSOLUTE
    ../clib/microlib/init/entry.s            0x00000000   Number         0  entry5.o ABSOLUTE
    ../clib/microlib/init/entry.s            0x00000000   Number         0  entry12b.o ABSOLUTE
    ../clib/microlib/init/entry.s            0x00000000   Number         0  entry12a.o ABSOLUTE
    ../clib/microlib/init/entry.s            0x00000000   Number         0  entry2.o ABSOLUTE
    ../clib/microlib/init/entry.s            0x00000000   Number         0  entry.o ABSOLUTE
    ../clib/microlib/init/entry.s            0x00000000   Number         0  entry11a.o ABSOLUTE
    ../clib/microlib/init/entry.s            0x00000000   Number         0  entry10b.o ABSOLUTE
    ../clib/microlib/init/entry.s            0x00000000   Number         0  entry10a.o ABSOLUTE
    ../clib/microlib/init/entry.s            0x00000000   Number         0  entry9b.o ABSOLUTE
    ../clib/microlib/init/entry.s            0x00000000   Number         0  entry9a.o ABSOLUTE
    ../clib/microlib/init/entry.s            0x00000000   Number         0  entry8b.o ABSOLUTE
    ../clib/microlib/longlong.c              0x00000000   Number         0  llushr.o ABSOLUTE
    ../clib/microlib/longlong.c              0x00000000   Number         0  llsshr.o ABSOLUTE
    ../clib/microlib/longlong.c              0x00000000   Number         0  llshl.o ABSOLUTE
    ../clib/microlib/printf/printf.c         0x00000000   Number         0  printfa.o ABSOLUTE
    ../clib/microlib/printf/printf.c         0x00000000   Number         0  printf8.o ABSOLUTE
    ../clib/microlib/printf/printf.c         0x00000000   Number         0  printf7.o ABSOLUTE
    ../clib/microlib/printf/printf.c         0x00000000   Number         0  printf6.o ABSOLUTE
    ../clib/microlib/printf/printf.c         0x00000000   Number         0  printf5.o ABSOLUTE
    ../clib/microlib/printf/printf.c         0x00000000   Number         0  printf1.o ABSOLUTE
    ../clib/microlib/printf/printf.c         0x00000000   Number         0  printf2.o ABSOLUTE
    ../clib/microlib/printf/printf.c         0x00000000   Number         0  printf3.o ABSOLUTE
    ../clib/microlib/printf/printf.c         0x00000000   Number         0  printf0.o ABSOLUTE
    ../clib/microlib/printf/printf.c         0x00000000   Number         0  printf4.o ABSOLUTE
    ../clib/microlib/printf/printf.c         0x00000000   Number         0  printfb.o ABSOLUTE
    ../clib/microlib/stdio/streams.c         0x00000000   Number         0  stdout.o ABSOLUTE
    ../clib/microlib/string/memcpy.c         0x00000000   Number         0  memcpya.o ABSOLUTE
    ../clib/microlib/string/memcpy.c         0x00000000   Number         0  memcpyb.o ABSOLUTE
    ../clib/microlib/string/memset.c         0x00000000   Number         0  memseta.o ABSOLUTE
    ../clib/microlib/stubs.s                 0x00000000   Number         0  iusefp.o ABSOLUTE
    ../fplib/microlib/fpadd.c                0x00000000   Number         0  fadd.o ABSOLUTE
    ../fplib/microlib/fpadd.c                0x00000000   Number         0  dadd.o ABSOLUTE
    ../fplib/microlib/fpdiv.c                0x00000000   Number         0  fdiv.o ABSOLUTE
    ../fplib/microlib/fpdiv.c                0x00000000   Number         0  ddiv.o ABSOLUTE
    ../fplib/microlib/fpepilogue.c           0x00000000   Number         0  fepilogue.o ABSOLUTE
    ../fplib/microlib/fpepilogue.c           0x00000000   Number         0  depilogue.o ABSOLUTE
    ../fplib/microlib/fpfix.c                0x00000000   Number         0  ffixi.o ABSOLUTE
    ../fplib/microlib/fpfix.c                0x00000000   Number         0  dfixul.o ABSOLUTE
    ../fplib/microlib/fpfix.c                0x00000000   Number         0  ffixui.o ABSOLUTE
    ../fplib/microlib/fpflt.c                0x00000000   Number         0  ffltui.o ABSOLUTE
    ../fplib/microlib/fpmul.c                0x00000000   Number         0  dmul.o ABSOLUTE
    ../fplib/microlib/fpmul.c                0x00000000   Number         0  fmul.o ABSOLUTE
    ../fplib/microlib/fpsqrt.c               0x00000000   Number         0  fsqrt.o ABSOLUTE
    ../mathlib/sqrtf.c                       0x00000000   Number         0  sqrtf_x.o ABSOLUTE
    ../mathlib/sqrtf.c                       0x00000000   Number         0  sqrtf.o ABSOLUTE
    Library\src\misc.c                       0x00000000   Number         0  misc.o ABSOLUTE
    Library\src\stm32f10x_adc.c              0x00000000   Number         0  stm32f10x_adc.o ABSOLUTE
    Library\src\stm32f10x_bkp.c              0x00000000   Number         0  stm32f10x_bkp.o ABSOLUTE
    Library\src\stm32f10x_can.c              0x00000000   Number         0  stm32f10x_can.o ABSOLUTE
    Library\src\stm32f10x_cec.c              0x00000000   Number         0  stm32f10x_cec.o ABSOLUTE
    Library\src\stm32f10x_crc.c              0x00000000   Number         0  stm32f10x_crc.o ABSOLUTE
    Library\src\stm32f10x_dac.c              0x00000000   Number         0  stm32f10x_dac.o ABSOLUTE
    Library\src\stm32f10x_dbgmcu.c           0x00000000   Number         0  stm32f10x_dbgmcu.o ABSOLUTE
    Library\src\stm32f10x_dma.c              0x00000000   Number         0  stm32f10x_dma.o ABSOLUTE
    Library\src\stm32f10x_exti.c             0x00000000   Number         0  stm32f10x_exti.o ABSOLUTE
    Library\src\stm32f10x_flash.c            0x00000000   Number         0  stm32f10x_flash.o ABSOLUTE
    Library\src\stm32f10x_fsmc.c             0x00000000   Number         0  stm32f10x_fsmc.o ABSOLUTE
    Library\src\stm32f10x_gpio.c             0x00000000   Number         0  stm32f10x_gpio.o ABSOLUTE
    Library\src\stm32f10x_i2c.c              0x00000000   Number         0  stm32f10x_i2c.o ABSOLUTE
    Library\src\stm32f10x_iwdg.c             0x00000000   Number         0  stm32f10x_iwdg.o ABSOLUTE
    Library\src\stm32f10x_pwr.c              0x00000000   Number         0  stm32f10x_pwr.o ABSOLUTE
    Library\src\stm32f10x_rcc.c              0x00000000   Number         0  stm32f10x_rcc.o ABSOLUTE
    Library\src\stm32f10x_rtc.c              0x00000000   Number         0  stm32f10x_rtc.o ABSOLUTE
    Library\src\stm32f10x_sdio.c             0x00000000   Number         0  stm32f10x_sdio.o ABSOLUTE
    Library\src\stm32f10x_spi.c              0x00000000   Number         0  stm32f10x_spi.o ABSOLUTE
    Library\src\stm32f10x_tim.c              0x00000000   Number         0  stm32f10x_tim.o ABSOLUTE
    Library\src\stm32f10x_usart.c            0x00000000   Number         0  stm32f10x_usart.o ABSOLUTE
    Library\src\stm32f10x_wwdg.c             0x00000000   Number         0  stm32f10x_wwdg.o ABSOLUTE
    Start\\core_cm3.c                        0x00000000   Number         0  core_cm3.o ABSOLUTE
    Start\core_cm3.c                         0x00000000   Number         0  core_cm3.o ABSOLUTE
    Start\startup_stm32f10x_md.s             0x00000000   Number         0  startup_stm32f10x_md.o ABSOLUTE
    Start\system_stm32f10x.c                 0x00000000   Number         0  system_stm32f10x.o ABSOLUTE
    UserLib\OLED.c                           0x00000000   Number         0  oled.o ABSOLUTE
    UserLib\Serial.c                         0x00000000   Number         0  serial.o ABSOLUTE
    UserLib\anomaly_detector.c               0x00000000   Number         0  anomaly_detector.o ABSOLUTE
    UserLib\dht22.c                          0x00000000   Number         0  dht22.o ABSOLUTE
    UserLib\free_rtos_delay.c                0x00000000   Number         0  free_rtos_delay.o ABSOLUTE
    UserLib\light_sensor.c                   0x00000000   Number         0  light_sensor.o ABSOLUTE
    UserLib\usart_esp32.c                    0x00000000   Number         0  usart_esp32.o ABSOLUTE
    User\main.c                              0x00000000   Number         0  main.o ABSOLUTE
    User\stm32f10x_it.c                      0x00000000   Number         0  stm32f10x_it.o ABSOLUTE
    cdrcmple.s                               0x00000000   Number         0  cdrcmple.o ABSOLUTE
    cfcmple.s                                0x00000000   Number         0  cfcmple.o ABSOLUTE
    dc.s                                     0x00000000   Number         0  dc.o ABSOLUTE
    freertos\\port\\ARM_CM3\\port.c          0x00000000   Number         0  port.o ABSOLUTE
    freertos\port\ARM_CM3\port.c             0x00000000   Number         0  port.o ABSOLUTE
    freertos\port\MemMang\heap_4.c           0x00000000   Number         0  heap_4.o ABSOLUTE
    freertos\src\croutine.c                  0x00000000   Number         0  croutine.o ABSOLUTE
    freertos\src\event_groups.c              0x00000000   Number         0  event_groups.o ABSOLUTE
    freertos\src\list.c                      0x00000000   Number         0  list.o ABSOLUTE
    freertos\src\queue.c                     0x00000000   Number         0  queue.o ABSOLUTE
    freertos\src\stream_buffer.c             0x00000000   Number         0  stream_buffer.o ABSOLUTE
    freertos\src\tasks.c                     0x00000000   Number         0  tasks.o ABSOLUTE
    freertos\src\timers.c                    0x00000000   Number         0  timers.o ABSOLUTE
    handlers.s                               0x00000000   Number         0  handlers.o ABSOLUTE
    init.s                                   0x00000000   Number         0  init.o ABSOLUTE
    RESET                                    0x08000000   Section      236  startup_stm32f10x_md.o(RESET)
    .ARM.Collect$$$$00000000                 0x080000ec   Section        0  entry.o(.ARM.Collect$$$$00000000)
    .ARM.Collect$$$$00000001                 0x080000ec   Section        4  entry2.o(.ARM.Collect$$$$00000001)
    .ARM.Collect$$$$00000004                 0x080000f0   Section        4  entry5.o(.ARM.Collect$$$$00000004)
    .ARM.Collect$$$$00000008                 0x080000f4   Section        0  entry7b.o(.ARM.Collect$$$$00000008)
    .ARM.Collect$$$$0000000A                 0x080000f4   Section        0  entry8b.o(.ARM.Collect$$$$0000000A)
    .ARM.Collect$$$$0000000B                 0x080000f4   Section        8  entry9a.o(.ARM.Collect$$$$0000000B)
    .ARM.Collect$$$$0000000E                 0x080000fc   Section        4  entry12b.o(.ARM.Collect$$$$0000000E)
    .ARM.Collect$$$$0000000F                 0x08000100   Section        0  entry10a.o(.ARM.Collect$$$$0000000F)
    .ARM.Collect$$$$00000011                 0x08000100   Section        0  entry11a.o(.ARM.Collect$$$$00000011)
    .ARM.Collect$$$$00002712                 0x08000100   Section        4  entry2.o(.ARM.Collect$$$$00002712)
    __lit__00000000                          0x08000100   Data           4  entry2.o(.ARM.Collect$$$$00002712)
    .emb_text                                0x08000104   Section      150  port.o(.emb_text)
    .text                                    0x0800019c   Section       36  startup_stm32f10x_md.o(.text)
    .text                                    0x080001c0   Section        0  uldiv.o(.text)
    .text                                    0x08000222   Section        0  memcpya.o(.text)
    .text                                    0x08000246   Section        0  memseta.o(.text)
    .text                                    0x0800026a   Section        0  fadd.o(.text)
    .text                                    0x0800031a   Section        0  fmul.o(.text)
    .text                                    0x0800037e   Section        0  fdiv.o(.text)
    .text                                    0x080003fa   Section        0  ffltui.o(.text)
    .text                                    0x08000404   Section        0  ffixi.o(.text)
    .text                                    0x08000436   Section        0  ffixui.o(.text)
    .text                                    0x08000460   Section       20  cfcmple.o(.text)
    .text                                    0x08000474   Section        0  llshl.o(.text)
    .text                                    0x08000492   Section        0  llushr.o(.text)
    .text                                    0x080004b2   Section        0  fepilogue.o(.text)
    .text                                    0x080004b2   Section        0  iusefp.o(.text)
    .text                                    0x08000520   Section        0  fsqrt.o(.text)
    .text                                    0x08000580   Section       36  init.o(.text)
    i.ADC_Cmd                                0x080005a4   Section        0  stm32f10x_adc.o(i.ADC_Cmd)
    i.ADC_GetCalibrationStatus               0x080005ba   Section        0  stm32f10x_adc.o(i.ADC_GetCalibrationStatus)
    i.ADC_GetConversionValue                 0x080005ce   Section        0  stm32f10x_adc.o(i.ADC_GetConversionValue)
    i.ADC_GetFlagStatus                      0x080005d6   Section        0  stm32f10x_adc.o(i.ADC_GetFlagStatus)
    i.ADC_GetResetCalibrationStatus          0x080005e8   Section        0  stm32f10x_adc.o(i.ADC_GetResetCalibrationStatus)
    i.ADC_Init                               0x080005fc   Section        0  stm32f10x_adc.o(i.ADC_Init)
    i.ADC_RegularChannelConfig               0x0800064c   Section        0  stm32f10x_adc.o(i.ADC_RegularChannelConfig)
    i.ADC_ResetCalibration                   0x08000704   Section        0  stm32f10x_adc.o(i.ADC_ResetCalibration)
    i.ADC_SoftwareStartConvCmd               0x0800070e   Section        0  stm32f10x_adc.o(i.ADC_SoftwareStartConvCmd)
    i.ADC_StartCalibration                   0x08000724   Section        0  stm32f10x_adc.o(i.ADC_StartCalibration)
    i.AnomalyDetector_Init                   0x0800072e   Section        0  anomaly_detector.o(i.AnomalyDetector_Init)
    i.AnomalyDetector_Update                 0x08000742   Section        0  anomaly_detector.o(i.AnomalyDetector_Update)
    i.BusFault_Handler                       0x080007b2   Section        0  stm32f10x_it.o(i.BusFault_Handler)
    i.DHT22_Init                             0x080007b8   Section        0  dht22.o(i.DHT22_Init)
    i.DHT22_Read                             0x080007f0   Section        0  dht22.o(i.DHT22_Read)
    i.DHT22_StartMeasurement                 0x08000852   Section        0  dht22.o(i.DHT22_StartMeasurement)
    i.DebugMon_Handler                       0x08000862   Section        0  stm32f10x_it.o(i.DebugMon_Handler)
    i.ESP32_SendPacket                       0x08000864   Section        0  usart_esp32.o(i.ESP32_SendPacket)
    i.GPIO_Init                              0x080008a2   Section        0  stm32f10x_gpio.o(i.GPIO_Init)
    i.GPIO_PinRemapConfig                    0x080009b8   Section        0  stm32f10x_gpio.o(i.GPIO_PinRemapConfig)
    i.GPIO_ReadInputDataBit                  0x08000a48   Section        0  stm32f10x_gpio.o(i.GPIO_ReadInputDataBit)
    i.GPIO_ResetBits                         0x08000a5a   Section        0  stm32f10x_gpio.o(i.GPIO_ResetBits)
    i.GPIO_SetBits                           0x08000a5e   Section        0  stm32f10x_gpio.o(i.GPIO_SetBits)
    i.GPIO_WriteBit                          0x08000a62   Section        0  stm32f10x_gpio.o(i.GPIO_WriteBit)
    i.HardFault_Handler                      0x08000a6c   Section        0  stm32f10x_it.o(i.HardFault_Handler)
    i.LIGHT_Read_AO                          0x08000a70   Section        0  light_sensor.o(i.LIGHT_Read_AO)
    i.LIGHT_Sensor_Init                      0x08000aa8   Section        0  light_sensor.o(i.LIGHT_Sensor_Init)
    i.MeasurePulseWidth                      0x08000b30   Section        0  dht22.o(i.MeasurePulseWidth)
    MeasurePulseWidth                        0x08000b31   Thumb Code    76  dht22.o(i.MeasurePulseWidth)
    i.MemManage_Handler                      0x08000b80   Section        0  stm32f10x_it.o(i.MemManage_Handler)
    i.NMI_Handler                            0x08000b84   Section        0  stm32f10x_it.o(i.NMI_Handler)
    i.OLED_Clear                             0x08000b86   Section        0  oled.o(i.OLED_Clear)
    i.OLED_I2C_Init                          0x08000bb0   Section        0  oled.o(i.OLED_I2C_Init)
    i.OLED_I2C_SendByte                      0x08000c10   Section        0  oled.o(i.OLED_I2C_SendByte)
    i.OLED_I2C_Start                         0x08000c64   Section        0  oled.o(i.OLED_I2C_Start)
    i.OLED_I2C_Stop                          0x08000c98   Section        0  oled.o(i.OLED_I2C_Stop)
    i.OLED_Init                              0x08000cc0   Section        0  oled.o(i.OLED_Init)
    i.OLED_Pow                               0x08000d6e   Section        0  oled.o(i.OLED_Pow)
    i.OLED_SetCursor                         0x08000d82   Section        0  oled.o(i.OLED_SetCursor)
    i.OLED_ShowChar                          0x08000da4   Section        0  oled.o(i.OLED_ShowChar)
    i.OLED_ShowNum                           0x08000e18   Section        0  oled.o(i.OLED_ShowNum)
    i.OLED_ShowSignedNum                     0x08000e5c   Section        0  oled.o(i.OLED_ShowSignedNum)
    i.OLED_ShowString                        0x08000ec2   Section        0  oled.o(i.OLED_ShowString)
    i.OLED_WriteCommand                      0x08000eea   Section        0  oled.o(i.OLED_WriteCommand)
    i.OLED_WriteData                         0x08000f0a   Section        0  oled.o(i.OLED_WriteData)
    i.ParseData                              0x08000f2c   Section        0  dht22.o(i.ParseData)
    ParseData                                0x08000f2d   Thumb Code    96  dht22.o(i.ParseData)
    i.RCC_ADCCLKConfig                       0x08000f90   Section        0  stm32f10x_rcc.o(i.RCC_ADCCLKConfig)
    i.RCC_APB1PeriphClockCmd                 0x08000fa8   Section        0  stm32f10x_rcc.o(i.RCC_APB1PeriphClockCmd)
    i.RCC_APB2PeriphClockCmd                 0x08000fc8   Section        0  stm32f10x_rcc.o(i.RCC_APB2PeriphClockCmd)
    i.RCC_GetClocksFreq                      0x08000fe8   Section        0  stm32f10x_rcc.o(i.RCC_GetClocksFreq)
    i.ReadBit                                0x080010bc   Section        0  dht22.o(i.ReadBit)
    ReadBit                                  0x080010bd   Thumb Code    66  dht22.o(i.ReadBit)
    i.ReadData                               0x080010fe   Section        0  dht22.o(i.ReadData)
    ReadData                                 0x080010ff   Thumb Code    88  dht22.o(i.ReadData)
    i.RecalcStats                            0x08001156   Section        0  anomaly_detector.o(i.RecalcStats)
    RecalcStats                              0x08001157   Thumb Code   144  anomaly_detector.o(i.RecalcStats)
    i.SendStartSignal                        0x080011e8   Section        0  dht22.o(i.SendStartSignal)
    SendStartSignal                          0x080011e9   Thumb Code    78  dht22.o(i.SendStartSignal)
    i.Serial_Init                            0x0800123c   Section        0  serial.o(i.Serial_Init)
    i.SetSysClock                            0x080012cc   Section        0  system_stm32f10x.o(i.SetSysClock)
    SetSysClock                              0x080012cd   Thumb Code     8  system_stm32f10x.o(i.SetSysClock)
    i.SetSysClockTo72                        0x080012d4   Section        0  system_stm32f10x.o(i.SetSysClockTo72)
    SetSysClockTo72                          0x080012d5   Thumb Code   214  system_stm32f10x.o(i.SetSysClockTo72)
    i.SysTick_Handler                        0x080013b4   Section        0  port.o(i.SysTick_Handler)
    i.SystemInit                             0x080013e8   Section        0  system_stm32f10x.o(i.SystemInit)
    i.TIM2_Delay_Init                        0x08001448   Section        0  free_rtos_delay.o(i.TIM2_Delay_Init)
    i.TIM_Cmd                                0x08001480   Section        0  stm32f10x_tim.o(i.TIM_Cmd)
    i.TIM_GetCounter                         0x08001498   Section        0  stm32f10x_tim.o(i.TIM_GetCounter)
    i.TIM_TimeBaseInit                       0x080014a0   Section        0  stm32f10x_tim.o(i.TIM_TimeBaseInit)
    i.USART2_ESP32_Init                      0x08001544   Section        0  usart_esp32.o(i.USART2_ESP32_Init)
    i.USART2_SendByte                        0x080015c0   Section        0  usart_esp32.o(i.USART2_SendByte)
    USART2_SendByte                          0x080015c1   Thumb Code    42  usart_esp32.o(i.USART2_SendByte)
    i.USART_Cmd                              0x080015f0   Section        0  stm32f10x_usart.o(i.USART_Cmd)
    i.USART_GetFlagStatus                    0x08001608   Section        0  stm32f10x_usart.o(i.USART_GetFlagStatus)
    i.USART_Init                             0x08001624   Section        0  stm32f10x_usart.o(i.USART_Init)
    i.USART_SendData                         0x080016fc   Section        0  stm32f10x_usart.o(i.USART_SendData)
    i.UsageFault_Handler                     0x08001704   Section        0  stm32f10x_it.o(i.UsageFault_Handler)
    i.VerifyChecksum                         0x08001708   Section        0  dht22.o(i.VerifyChecksum)
    VerifyChecksum                           0x08001709   Thumb Code    32  dht22.o(i.VerifyChecksum)
    i.WaitForPinLevel                        0x08001728   Section        0  dht22.o(i.WaitForPinLevel)
    WaitForPinLevel                          0x08001729   Thumb Code    52  dht22.o(i.WaitForPinLevel)
    i.WaitForResponse                        0x08001760   Section        0  dht22.o(i.WaitForResponse)
    WaitForResponse                          0x08001761   Thumb Code    62  dht22.o(i.WaitForResponse)
    i.__0printf$bare                         0x080017a0   Section        0  printfb.o(i.__0printf$bare)
    i.__scatterload_copy                     0x080017b0   Section       14  handlers.o(i.__scatterload_copy)
    i.__scatterload_null                     0x080017be   Section        2  handlers.o(i.__scatterload_null)
    i.__scatterload_zeroinit                 0x080017c0   Section       14  handlers.o(i.__scatterload_zeroinit)
    i.__set_errno                            0x080017d0   Section        0  errno.o(i.__set_errno)
    i._printf_core                           0x080017dc   Section        0  printfb.o(i._printf_core)
    _printf_core                             0x080017dd   Thumb Code    34  printfb.o(i._printf_core)
    i.delay_ms                               0x080017fe   Section        0  free_rtos_delay.o(i.delay_ms)
    i.delay_us                               0x08001836   Section        0  free_rtos_delay.o(i.delay_us)
    i.dht22Task                              0x08001858   Section        0  main.o(i.dht22Task)
    dht22Task                                0x08001859   Thumb Code   192  main.o(i.dht22Task)
    i.displayTask                            0x08001920   Section        0  main.o(i.displayTask)
    displayTask                              0x08001921   Thumb Code   210  main.o(i.displayTask)
    i.fputc                                  0x08001a2c   Section        0  serial.o(i.fputc)
    i.light_sensorTask                       0x08001a60   Section        0  main.o(i.light_sensorTask)
    light_sensorTask                         0x08001a61   Thumb Code   118  main.o(i.light_sensorTask)
    i.main                                   0x08001adc   Section        0  main.o(i.main)
    i.myTask                                 0x08001c38   Section        0  main.o(i.myTask)
    myTask                                   0x08001c39   Thumb Code    40  main.o(i.myTask)
    i.printhello                             0x08001c64   Section        0  main.o(i.printhello)
    printhello                               0x08001c65   Thumb Code    18  main.o(i.printhello)
    i.prvAddCurrentTaskToDelayedList         0x08001c88   Section        0  tasks.o(i.prvAddCurrentTaskToDelayedList)
    prvAddCurrentTaskToDelayedList           0x08001c89   Thumb Code   174  tasks.o(i.prvAddCurrentTaskToDelayedList)
    i.prvAddNewTaskToReadyList               0x08001d54   Section        0  tasks.o(i.prvAddNewTaskToReadyList)
    prvAddNewTaskToReadyList                 0x08001d55   Thumb Code   212  tasks.o(i.prvAddNewTaskToReadyList)
    i.prvCheckTasksWaitingTermination        0x08001e44   Section        0  tasks.o(i.prvCheckTasksWaitingTermination)
    prvCheckTasksWaitingTermination          0x08001e45   Thumb Code    60  tasks.o(i.prvCheckTasksWaitingTermination)
    i.prvCopyDataFromQueue                   0x08001e8c   Section        0  queue.o(i.prvCopyDataFromQueue)
    prvCopyDataFromQueue                     0x08001e8d   Thumb Code    42  queue.o(i.prvCopyDataFromQueue)
    i.prvCopyDataToQueue                     0x08001eb6   Section        0  queue.o(i.prvCopyDataToQueue)
    prvCopyDataToQueue                       0x08001eb7   Thumb Code   106  queue.o(i.prvCopyDataToQueue)
    i.prvCreateIdleTasks                     0x08001f20   Section        0  tasks.o(i.prvCreateIdleTasks)
    prvCreateIdleTasks                       0x08001f21   Thumb Code    86  tasks.o(i.prvCreateIdleTasks)
    i.prvCreateTask                          0x08001f88   Section        0  tasks.o(i.prvCreateTask)
    prvCreateTask                            0x08001f89   Thumb Code    90  tasks.o(i.prvCreateTask)
    i.prvDeleteTCB                           0x08001fe2   Section        0  tasks.o(i.prvDeleteTCB)
    prvDeleteTCB                             0x08001fe3   Thumb Code    18  tasks.o(i.prvDeleteTCB)
    i.prvHeapInit                            0x08001ff4   Section        0  heap_4.o(i.prvHeapInit)
    prvHeapInit                              0x08001ff5   Thumb Code    88  heap_4.o(i.prvHeapInit)
    i.prvIdleTask                            0x08002060   Section        0  tasks.o(i.prvIdleTask)
    prvIdleTask                              0x08002061   Thumb Code    32  tasks.o(i.prvIdleTask)
    i.prvInitialiseNewQueue                  0x08002088   Section        0  queue.o(i.prvInitialiseNewQueue)
    prvInitialiseNewQueue                    0x08002089   Thumb Code    38  queue.o(i.prvInitialiseNewQueue)
    i.prvInitialiseNewTask                   0x080020ae   Section        0  tasks.o(i.prvInitialiseNewTask)
    prvInitialiseNewTask                     0x080020af   Thumb Code   122  tasks.o(i.prvInitialiseNewTask)
    i.prvInitialiseTaskLists                 0x08002128   Section        0  tasks.o(i.prvInitialiseTaskLists)
    prvInitialiseTaskLists                   0x08002129   Thumb Code    70  tasks.o(i.prvInitialiseTaskLists)
    i.prvInsertBlockIntoFreeList             0x08002190   Section        0  heap_4.o(i.prvInsertBlockIntoFreeList)
    prvInsertBlockIntoFreeList               0x08002191   Thumb Code    96  heap_4.o(i.prvInsertBlockIntoFreeList)
    i.prvIsQueueEmpty                        0x080021f8   Section        0  queue.o(i.prvIsQueueEmpty)
    prvIsQueueEmpty                          0x080021f9   Thumb Code    26  queue.o(i.prvIsQueueEmpty)
    i.prvIsQueueFull                         0x08002212   Section        0  queue.o(i.prvIsQueueFull)
    prvIsQueueFull                           0x08002213   Thumb Code    30  queue.o(i.prvIsQueueFull)
    i.prvResetNextTaskUnblockTime            0x08002230   Section        0  tasks.o(i.prvResetNextTaskUnblockTime)
    prvResetNextTaskUnblockTime              0x08002231   Thumb Code    40  tasks.o(i.prvResetNextTaskUnblockTime)
    i.prvTaskExitError                       0x08002260   Section        0  port.o(i.prvTaskExitError)
    prvTaskExitError                         0x08002261   Thumb Code    22  port.o(i.prvTaskExitError)
    i.prvUnlockQueue                         0x08002276   Section        0  queue.o(i.prvUnlockQueue)
    prvUnlockQueue                           0x08002277   Thumb Code   126  queue.o(i.prvUnlockQueue)
    i.pvPortMalloc                           0x080022f4   Section        0  heap_4.o(i.pvPortMalloc)
    i.pxPortInitialiseStack                  0x080023f4   Section        0  port.o(i.pxPortInitialiseStack)
    i.sqrtf                                  0x08002418   Section        0  sqrtf.o(i.sqrtf)
    i.usart_esp32Task                        0x08002444   Section        0  main.o(i.usart_esp32Task)
    usart_esp32Task                          0x08002445   Thumb Code   178  main.o(i.usart_esp32Task)
    i.uxListRemove                           0x0800251c   Section        0  list.o(i.uxListRemove)
    i.vListInitialise                        0x08002544   Section        0  list.o(i.vListInitialise)
    i.vListInitialiseItem                    0x0800255e   Section        0  list.o(i.vListInitialiseItem)
    i.vListInsert                            0x08002564   Section        0  list.o(i.vListInsert)
    i.vPortEnterCritical                     0x08002598   Section        0  port.o(i.vPortEnterCritical)
    i.vPortExitCritical                      0x080025bc   Section        0  port.o(i.vPortExitCritical)
    i.vPortFree                              0x080025dc   Section        0  heap_4.o(i.vPortFree)
    i.vPortSetupTimerInterrupt               0x08002628   Section        0  port.o(i.vPortSetupTimerInterrupt)
    i.vTaskDelay                             0x08002640   Section        0  tasks.o(i.vTaskDelay)
    i.vTaskInternalSetTimeOutState           0x08002674   Section        0  tasks.o(i.vTaskInternalSetTimeOutState)
    i.vTaskMissedYield                       0x0800268c   Section        0  tasks.o(i.vTaskMissedYield)
    i.vTaskPlaceOnEventList                  0x08002698   Section        0  tasks.o(i.vTaskPlaceOnEventList)
    i.vTaskStartScheduler                    0x080026b8   Section        0  tasks.o(i.vTaskStartScheduler)
    i.vTaskSuspendAll                        0x08002704   Section        0  tasks.o(i.vTaskSuspendAll)
    i.vTaskSwitchContext                     0x08002714   Section        0  tasks.o(i.vTaskSwitchContext)
    i.xPortStartScheduler                    0x0800277c   Section        0  port.o(i.xPortStartScheduler)
    i.xQueueGenericCreate                    0x080027b0   Section        0  queue.o(i.xQueueGenericCreate)
    i.xQueueGenericReset                     0x080027fc   Section        0  queue.o(i.xQueueGenericReset)
    i.xQueueGenericSend                      0x0800289c   Section        0  queue.o(i.xQueueGenericSend)
    i.xQueuePeek                             0x080029b4   Section        0  queue.o(i.xQueuePeek)
    i.xQueueReceive                          0x08002ac0   Section        0  queue.o(i.xQueueReceive)
    i.xTaskCheckForTimeOut                   0x08002bc4   Section        0  tasks.o(i.xTaskCheckForTimeOut)
    i.xTaskCreate                            0x08002c24   Section        0  tasks.o(i.xTaskCreate)
    i.xTaskIncrementTick                     0x08002c5c   Section        0  tasks.o(i.xTaskIncrementTick)
    i.xTaskRemoveFromEventList               0x08002dfc   Section        0  tasks.o(i.xTaskRemoveFromEventList)
    i.xTaskResumeAll                         0x08002f14   Section        0  tasks.o(i.xTaskResumeAll)
    .constdata                               0x08003090   Section     1520  oled.o(.constdata)
    .data                                    0x20000000   Section       28  main.o(.data)
    myTaskHandler                            0x20000000   Data           4  main.o(.data)
    displayTaskHandler                       0x20000004   Data           4  main.o(.data)
    usart2TaskHandler                        0x20000008   Data           4  main.o(.data)
    light_sensorTaskHandler                  0x2000000c   Data           4  main.o(.data)
    dht22TaskHandler                         0x20000010   Data           4  main.o(.data)
    .data                                    0x2000001c   Section       20  stm32f10x_rcc.o(.data)
    APBAHBPrescTable                         0x2000001c   Data          16  stm32f10x_rcc.o(.data)
    ADCPrescTable                            0x2000002c   Data           4  stm32f10x_rcc.o(.data)
    .data                                    0x20000030   Section       64  tasks.o(.data)
    pxDelayedTaskList                        0x20000034   Data           4  tasks.o(.data)
    pxOverflowDelayedTaskList                0x20000038   Data           4  tasks.o(.data)
    uxDeletedTasksWaitingCleanUp             0x2000003c   Data           4  tasks.o(.data)
    uxCurrentNumberOfTasks                   0x20000040   Data           4  tasks.o(.data)
    xTickCount                               0x20000044   Data           4  tasks.o(.data)
    uxTopReadyPriority                       0x20000048   Data           4  tasks.o(.data)
    xSchedulerRunning                        0x2000004c   Data           4  tasks.o(.data)
    xPendedTicks                             0x20000050   Data           4  tasks.o(.data)
    xYieldPendings                           0x20000054   Data           4  tasks.o(.data)
    xNumOfOverflows                          0x20000058   Data           4  tasks.o(.data)
    uxTaskNumber                             0x2000005c   Data           4  tasks.o(.data)
    xNextTaskUnblockTime                     0x20000060   Data           4  tasks.o(.data)
    xIdleTaskHandles                         0x20000064   Data           4  tasks.o(.data)
    uxTopUsedPriority                        0x20000068   Data           4  tasks.o(.data)
    uxSchedulerSuspended                     0x2000006c   Data           4  tasks.o(.data)
    .data                                    0x20000070   Section        4  port.o(.data)
    uxCriticalNesting                        0x20000070   Data           4  port.o(.data)
    .data                                    0x20000074   Section       28  heap_4.o(.data)
    xStart                                   0x20000074   Data           8  heap_4.o(.data)
    pxEnd                                    0x2000007c   Data           4  heap_4.o(.data)
    xFreeBytesRemaining                      0x20000080   Data           4  heap_4.o(.data)
    xMinimumEverFreeBytesRemaining           0x20000084   Data           4  heap_4.o(.data)
    xNumberOfSuccessfulAllocations           0x20000088   Data           4  heap_4.o(.data)
    xNumberOfSuccessfulFrees                 0x2000008c   Data           4  heap_4.o(.data)
    .data                                    0x20000090   Section        4  stdout.o(.data)
    .data                                    0x20000094   Section        4  errno.o(.data)
    _errno                                   0x20000094   Data           4  errno.o(.data)
    .bss                                     0x20000098   Section      312  main.o(.bss)
    temp_buffer                              0x20000098   Data          80  main.o(.bss)
    humi_buffer                              0x200000e8   Data          80  main.o(.bss)
    light_buffer                             0x20000138   Data          80  main.o(.bss)
    temp_det                                 0x20000188   Data          24  main.o(.bss)
    humi_det                                 0x200001a0   Data          24  main.o(.bss)
    light_det                                0x200001b8   Data          24  main.o(.bss)
    .bss                                     0x200001d0   Section      200  tasks.o(.bss)
    pxReadyTasksLists                        0x200001d0   Data         100  tasks.o(.bss)
    xDelayedTaskList1                        0x20000234   Data          20  tasks.o(.bss)
    xDelayedTaskList2                        0x20000248   Data          20  tasks.o(.bss)
    xPendingReadyList                        0x2000025c   Data          20  tasks.o(.bss)
    xTasksWaitingTermination                 0x20000270   Data          20  tasks.o(.bss)
    xSuspendedTaskList                       0x20000284   Data          20  tasks.o(.bss)
    .bss                                     0x20000298   Section    17408  heap_4.o(.bss)
    ucHeap                                   0x20000298   Data       17408  heap_4.o(.bss)
    STACK                                    0x20004698   Section     1024  startup_stm32f10x_md.o(STACK)

    Global Symbols

    Symbol Name                              Value     Ov Type        Size  Object(Section)

    BuildAttributes$$THM_ISAv4$P$D$K$B$S$PE$A:L22UL41UL21$X:L11$S22US41US21$IEEE1$IW$USESV6$~STKCKD$USESV7$~SHL$OTIME$ROPI$IEEEJ$EBA8$MICROLIB$REQ8$PRES8$EABIv2 0x00000000   Number         0  anon$$obj.o ABSOLUTE
    __ARM_use_no_argv                        0x00000000   Number         0  main.o ABSOLUTE
    __arm_fini_                               - Undefined Weak Reference
    __cpp_initialize__aeabi_                  - Undefined Weak Reference
    __cxa_finalize                            - Undefined Weak Reference
    __decompress                              - Undefined Weak Reference
    _clock_init                               - Undefined Weak Reference
    _microlib_exit                            - Undefined Weak Reference
    __Vectors_Size                           0x000000ec   Number         0  startup_stm32f10x_md.o ABSOLUTE
    __Vectors                                0x08000000   Data           4  startup_stm32f10x_md.o(RESET)
    __Vectors_End                            0x080000ec   Data           0  startup_stm32f10x_md.o(RESET)
    __main                                   0x080000ed   Thumb Code     0  entry.o(.ARM.Collect$$$$00000000)
    _main_stk                                0x080000ed   Thumb Code     0  entry2.o(.ARM.Collect$$$$00000001)
    _main_scatterload                        0x080000f1   Thumb Code     0  entry5.o(.ARM.Collect$$$$00000004)
    __main_after_scatterload                 0x080000f5   Thumb Code     0  entry5.o(.ARM.Collect$$$$00000004)
    _main_clock                              0x080000f5   Thumb Code     0  entry7b.o(.ARM.Collect$$$$00000008)
    _main_cpp_init                           0x080000f5   Thumb Code     0  entry8b.o(.ARM.Collect$$$$0000000A)
    _main_init                               0x080000f5   Thumb Code     0  entry9a.o(.ARM.Collect$$$$0000000B)
    __rt_lib_shutdown_fini                   0x080000fd   Thumb Code     0  entry12b.o(.ARM.Collect$$$$0000000E)
    __rt_final_cpp                           0x08000101   Thumb Code     0  entry10a.o(.ARM.Collect$$$$0000000F)
    __rt_final_exit                          0x08000101   Thumb Code     0  entry11a.o(.ARM.Collect$$$$00000011)
    SVC_Handler                              0x08000105   Thumb Code    32  port.o(.emb_text)
    __asm___6_port_c_39a90d8d__prvStartFirstTask 0x08000129   Thumb Code    28  port.o(.emb_text)
    PendSV_Handler                           0x08000149   Thumb Code    72  port.o(.emb_text)
    vPortGetIPSR                             0x08000195   Thumb Code     6  port.o(.emb_text)
    Reset_Handler                            0x0800019d   Thumb Code     8  startup_stm32f10x_md.o(.text)
    ADC1_2_IRQHandler                        0x080001b7   Thumb Code     0  startup_stm32f10x_md.o(.text)
    CAN1_RX1_IRQHandler                      0x080001b7   Thumb Code     0  startup_stm32f10x_md.o(.text)
    CAN1_SCE_IRQHandler                      0x080001b7   Thumb Code     0  startup_stm32f10x_md.o(.text)
    DMA1_Channel1_IRQHandler                 0x080001b7   Thumb Code     0  startup_stm32f10x_md.o(.text)
    DMA1_Channel2_IRQHandler                 0x080001b7   Thumb Code     0  startup_stm32f10x_md.o(.text)
    DMA1_Channel3_IRQHandler                 0x080001b7   Thumb Code     0  startup_stm32f10x_md.o(.text)
    DMA1_Channel4_IRQHandler                 0x080001b7   Thumb Code     0  startup_stm32f10x_md.o(.text)
    DMA1_Channel5_IRQHandler                 0x080001b7   Thumb Code     0  startup_stm32f10x_md.o(.text)
    DMA1_Channel6_IRQHandler                 0x080001b7   Thumb Code     0  startup_stm32f10x_md.o(.text)
    DMA1_Channel7_IRQHandler                 0x080001b7   Thumb Code     0  startup_stm32f10x_md.o(.text)
    EXTI0_IRQHandler                         0x080001b7   Thumb Code     0  startup_stm32f10x_md.o(.text)
    EXTI15_10_IRQHandler                     0x080001b7   Thumb Code     0  startup_stm32f10x_md.o(.text)
    EXTI1_IRQHandler                         0x080001b7   Thumb Code     0  startup_stm32f10x_md.o(.text)
    EXTI2_IRQHandler                         0x080001b7   Thumb Code     0  startup_stm32f10x_md.o(.text)
    EXTI3_IRQHandler                         0x080001b7   Thumb Code     0  startup_stm32f10x_md.o(.text)
    EXTI4_IRQHandler                         0x080001b7   Thumb Code     0  startup_stm32f10x_md.o(.text)
    EXTI9_5_IRQHandler                       0x080001b7   Thumb Code     0  startup_stm32f10x_md.o(.text)
    FLASH_IRQHandler                         0x080001b7   Thumb Code     0  startup_stm32f10x_md.o(.text)
    I2C1_ER_IRQHandler                       0x080001b7   Thumb Code     0  startup_stm32f10x_md.o(.text)
    I2C1_EV_IRQHandler                       0x080001b7   Thumb Code     0  startup_stm32f10x_md.o(.text)
    I2C2_ER_IRQHandler                       0x080001b7   Thumb Code     0  startup_stm32f10x_md.o(.text)
    I2C2_EV_IRQHandler                       0x080001b7   Thumb Code     0  startup_stm32f10x_md.o(.text)
    PVD_IRQHandler                           0x080001b7   Thumb Code     0  startup_stm32f10x_md.o(.text)
    RCC_IRQHandler                           0x080001b7   Thumb Code     0  startup_stm32f10x_md.o(.text)
    RTCAlarm_IRQHandler                      0x080001b7   Thumb Code     0  startup_stm32f10x_md.o(.text)
    RTC_IRQHandler                           0x080001b7   Thumb Code     0  startup_stm32f10x_md.o(.text)
    SPI1_IRQHandler                          0x080001b7   Thumb Code     0  startup_stm32f10x_md.o(.text)
    SPI2_IRQHandler                          0x080001b7   Thumb Code     0  startup_stm32f10x_md.o(.text)
    TAMPER_IRQHandler                        0x080001b7   Thumb Code     0  startup_stm32f10x_md.o(.text)
    TIM1_BRK_IRQHandler                      0x080001b7   Thumb Code     0  startup_stm32f10x_md.o(.text)
    TIM1_CC_IRQHandler                       0x080001b7   Thumb Code     0  startup_stm32f10x_md.o(.text)
    TIM1_TRG_COM_IRQHandler                  0x080001b7   Thumb Code     0  startup_stm32f10x_md.o(.text)
    TIM1_UP_IRQHandler                       0x080001b7   Thumb Code     0  startup_stm32f10x_md.o(.text)
    TIM2_IRQHandler                          0x080001b7   Thumb Code     0  startup_stm32f10x_md.o(.text)
    TIM3_IRQHandler                          0x080001b7   Thumb Code     0  startup_stm32f10x_md.o(.text)
    TIM4_IRQHandler                          0x080001b7   Thumb Code     0  startup_stm32f10x_md.o(.text)
    USART1_IRQHandler                        0x080001b7   Thumb Code     0  startup_stm32f10x_md.o(.text)
    USART2_IRQHandler                        0x080001b7   Thumb Code     0  startup_stm32f10x_md.o(.text)
    USART3_IRQHandler                        0x080001b7   Thumb Code     0  startup_stm32f10x_md.o(.text)
    USBWakeUp_IRQHandler                     0x080001b7   Thumb Code     0  startup_stm32f10x_md.o(.text)
    USB_HP_CAN1_TX_IRQHandler                0x080001b7   Thumb Code     0  startup_stm32f10x_md.o(.text)
    USB_LP_CAN1_RX0_IRQHandler               0x080001b7   Thumb Code     0  startup_stm32f10x_md.o(.text)
    WWDG_IRQHandler                          0x080001b7   Thumb Code     0  startup_stm32f10x_md.o(.text)
    __aeabi_uldivmod                         0x080001c1   Thumb Code    98  uldiv.o(.text)
    __aeabi_memcpy                           0x08000223   Thumb Code    36  memcpya.o(.text)
    __aeabi_memcpy4                          0x08000223   Thumb Code     0  memcpya.o(.text)
    __aeabi_memcpy8                          0x08000223   Thumb Code     0  memcpya.o(.text)
    __aeabi_memset                           0x08000247   Thumb Code    14  memseta.o(.text)
    __aeabi_memset4                          0x08000247   Thumb Code     0  memseta.o(.text)
    __aeabi_memset8                          0x08000247   Thumb Code     0  memseta.o(.text)
    __aeabi_memclr                           0x08000255   Thumb Code     4  memseta.o(.text)
    __aeabi_memclr4                          0x08000255   Thumb Code     0  memseta.o(.text)
    __aeabi_memclr8                          0x08000255   Thumb Code     0  memseta.o(.text)
    _memset$wrapper                          0x08000259   Thumb Code    18  memseta.o(.text)
    __aeabi_fadd                             0x0800026b   Thumb Code   164  fadd.o(.text)
    __aeabi_fsub                             0x0800030f   Thumb Code     6  fadd.o(.text)
    __aeabi_frsub                            0x08000315   Thumb Code     6  fadd.o(.text)
    __aeabi_fmul                             0x0800031b   Thumb Code   100  fmul.o(.text)
    __aeabi_fdiv                             0x0800037f   Thumb Code   124  fdiv.o(.text)
    __aeabi_ui2f                             0x080003fb   Thumb Code    10  ffltui.o(.text)
    __aeabi_f2iz                             0x08000405   Thumb Code    50  ffixi.o(.text)
    __aeabi_f2uiz                            0x08000437   Thumb Code    40  ffixui.o(.text)
    __aeabi_cfcmpeq                          0x08000461   Thumb Code     0  cfcmple.o(.text)
    __aeabi_cfcmple                          0x08000461   Thumb Code    20  cfcmple.o(.text)
    __aeabi_llsl                             0x08000475   Thumb Code    30  llshl.o(.text)
    _ll_shift_l                              0x08000475   Thumb Code     0  llshl.o(.text)
    __aeabi_llsr                             0x08000493   Thumb Code    32  llushr.o(.text)
    _ll_ushift_r                             0x08000493   Thumb Code     0  llushr.o(.text)
    __I$use$fp                               0x080004b3   Thumb Code     0  iusefp.o(.text)
    _float_round                             0x080004b3   Thumb Code    18  fepilogue.o(.text)
    _float_epilogue                          0x080004c5   Thumb Code    92  fepilogue.o(.text)
    _fsqrt                                   0x08000521   Thumb Code    94  fsqrt.o(.text)
    __scatterload                            0x08000581   Thumb Code    28  init.o(.text)
    __scatterload_rt2                        0x08000581   Thumb Code     0  init.o(.text)
    ADC_Cmd                                  0x080005a5   Thumb Code    22  stm32f10x_adc.o(i.ADC_Cmd)
    ADC_GetCalibrationStatus                 0x080005bb   Thumb Code    20  stm32f10x_adc.o(i.ADC_GetCalibrationStatus)
    ADC_GetConversionValue                   0x080005cf   Thumb Code     8  stm32f10x_adc.o(i.ADC_GetConversionValue)
    ADC_GetFlagStatus                        0x080005d7   Thumb Code    18  stm32f10x_adc.o(i.ADC_GetFlagStatus)
    ADC_GetResetCalibrationStatus            0x080005e9   Thumb Code    20  stm32f10x_adc.o(i.ADC_GetResetCalibrationStatus)
    ADC_Init                                 0x080005fd   Thumb Code    70  stm32f10x_adc.o(i.ADC_Init)
    ADC_RegularChannelConfig                 0x0800064d   Thumb Code   184  stm32f10x_adc.o(i.ADC_RegularChannelConfig)
    ADC_ResetCalibration                     0x08000705   Thumb Code    10  stm32f10x_adc.o(i.ADC_ResetCalibration)
    ADC_SoftwareStartConvCmd                 0x0800070f   Thumb Code    22  stm32f10x_adc.o(i.ADC_SoftwareStartConvCmd)
    ADC_StartCalibration                     0x08000725   Thumb Code    10  stm32f10x_adc.o(i.ADC_StartCalibration)
    AnomalyDetector_Init                     0x0800072f   Thumb Code    20  anomaly_detector.o(i.AnomalyDetector_Init)
    AnomalyDetector_Update                   0x08000743   Thumb Code   112  anomaly_detector.o(i.AnomalyDetector_Update)
    BusFault_Handler                         0x080007b3   Thumb Code     4  stm32f10x_it.o(i.BusFault_Handler)
    DHT22_Init                               0x080007b9   Thumb Code    50  dht22.o(i.DHT22_Init)
    DHT22_Read                               0x080007f1   Thumb Code    98  dht22.o(i.DHT22_Read)
    DHT22_StartMeasurement                   0x08000853   Thumb Code    16  dht22.o(i.DHT22_StartMeasurement)
    DebugMon_Handler                         0x08000863   Thumb Code     2  stm32f10x_it.o(i.DebugMon_Handler)
    ESP32_SendPacket                         0x08000865   Thumb Code    62  usart_esp32.o(i.ESP32_SendPacket)
    GPIO_Init                                0x080008a3   Thumb Code   278  stm32f10x_gpio.o(i.GPIO_Init)
    GPIO_PinRemapConfig                      0x080009b9   Thumb Code   138  stm32f10x_gpio.o(i.GPIO_PinRemapConfig)
    GPIO_ReadInputDataBit                    0x08000a49   Thumb Code    18  stm32f10x_gpio.o(i.GPIO_ReadInputDataBit)
    GPIO_ResetBits                           0x08000a5b   Thumb Code     4  stm32f10x_gpio.o(i.GPIO_ResetBits)
    GPIO_SetBits                             0x08000a5f   Thumb Code     4  stm32f10x_gpio.o(i.GPIO_SetBits)
    GPIO_WriteBit                            0x08000a63   Thumb Code    10  stm32f10x_gpio.o(i.GPIO_WriteBit)
    HardFault_Handler                        0x08000a6d   Thumb Code     4  stm32f10x_it.o(i.HardFault_Handler)
    LIGHT_Read_AO                            0x08000a71   Thumb Code    50  light_sensor.o(i.LIGHT_Read_AO)
    LIGHT_Sensor_Init                        0x08000aa9   Thumb Code   126  light_sensor.o(i.LIGHT_Sensor_Init)
    MemManage_Handler                        0x08000b81   Thumb Code     4  stm32f10x_it.o(i.MemManage_Handler)
    NMI_Handler                              0x08000b85   Thumb Code     2  stm32f10x_it.o(i.NMI_Handler)
    OLED_Clear                               0x08000b87   Thumb Code    42  oled.o(i.OLED_Clear)
    OLED_I2C_Init                            0x08000bb1   Thumb Code    92  oled.o(i.OLED_I2C_Init)
    OLED_I2C_SendByte                        0x08000c11   Thumb Code    80  oled.o(i.OLED_I2C_SendByte)
    OLED_I2C_Start                           0x08000c65   Thumb Code    48  oled.o(i.OLED_I2C_Start)
    OLED_I2C_Stop                            0x08000c99   Thumb Code    36  oled.o(i.OLED_I2C_Stop)
    OLED_Init                                0x08000cc1   Thumb Code   174  oled.o(i.OLED_Init)
    OLED_Pow                                 0x08000d6f   Thumb Code    20  oled.o(i.OLED_Pow)
    OLED_SetCursor                           0x08000d83   Thumb Code    34  oled.o(i.OLED_SetCursor)
    OLED_ShowChar                            0x08000da5   Thumb Code   110  oled.o(i.OLED_ShowChar)
    OLED_ShowNum                             0x08000e19   Thumb Code    68  oled.o(i.OLED_ShowNum)
    OLED_ShowSignedNum                       0x08000e5d   Thumb Code   102  oled.o(i.OLED_ShowSignedNum)
    OLED_ShowString                          0x08000ec3   Thumb Code    40  oled.o(i.OLED_ShowString)
    OLED_WriteCommand                        0x08000eeb   Thumb Code    32  oled.o(i.OLED_WriteCommand)
    OLED_WriteData                           0x08000f0b   Thumb Code    32  oled.o(i.OLED_WriteData)
    RCC_ADCCLKConfig                         0x08000f91   Thumb Code    18  stm32f10x_rcc.o(i.RCC_ADCCLKConfig)
    RCC_APB1PeriphClockCmd                   0x08000fa9   Thumb Code    26  stm32f10x_rcc.o(i.RCC_APB1PeriphClockCmd)
    RCC_APB2PeriphClockCmd                   0x08000fc9   Thumb Code    26  stm32f10x_rcc.o(i.RCC_APB2PeriphClockCmd)
    RCC_GetClocksFreq                        0x08000fe9   Thumb Code   192  stm32f10x_rcc.o(i.RCC_GetClocksFreq)
    Serial_Init                              0x0800123d   Thumb Code   136  serial.o(i.Serial_Init)
    SysTick_Handler                          0x080013b5   Thumb Code    46  port.o(i.SysTick_Handler)
    SystemInit                               0x080013e9   Thumb Code    78  system_stm32f10x.o(i.SystemInit)
    TIM2_Delay_Init                          0x08001449   Thumb Code    56  free_rtos_delay.o(i.TIM2_Delay_Init)
    TIM_Cmd                                  0x08001481   Thumb Code    24  stm32f10x_tim.o(i.TIM_Cmd)
    TIM_GetCounter                           0x08001499   Thumb Code     6  stm32f10x_tim.o(i.TIM_GetCounter)
    TIM_TimeBaseInit                         0x080014a1   Thumb Code   122  stm32f10x_tim.o(i.TIM_TimeBaseInit)
    USART2_ESP32_Init                        0x08001545   Thumb Code   114  usart_esp32.o(i.USART2_ESP32_Init)
    USART_Cmd                                0x080015f1   Thumb Code    24  stm32f10x_usart.o(i.USART_Cmd)
    USART_GetFlagStatus                      0x08001609   Thumb Code    26  stm32f10x_usart.o(i.USART_GetFlagStatus)
    USART_Init                               0x08001625   Thumb Code   210  stm32f10x_usart.o(i.USART_Init)
    USART_SendData                           0x080016fd   Thumb Code     8  stm32f10x_usart.o(i.USART_SendData)
    UsageFault_Handler                       0x08001705   Thumb Code     4  stm32f10x_it.o(i.UsageFault_Handler)
    __0printf$bare                           0x080017a1   Thumb Code     8  printfb.o(i.__0printf$bare)
    __1printf$bare                           0x080017a1   Thumb Code     0  printfb.o(i.__0printf$bare)
    __2printf                                0x080017a1   Thumb Code     0  printfb.o(i.__0printf$bare)
    __scatterload_copy                       0x080017b1   Thumb Code    14  handlers.o(i.__scatterload_copy)
    __scatterload_null                       0x080017bf   Thumb Code     2  handlers.o(i.__scatterload_null)
    __scatterload_zeroinit                   0x080017c1   Thumb Code    14  handlers.o(i.__scatterload_zeroinit)
    __set_errno                              0x080017d1   Thumb Code     6  errno.o(i.__set_errno)
    delay_ms                                 0x080017ff   Thumb Code    56  free_rtos_delay.o(i.delay_ms)
    delay_us                                 0x08001837   Thumb Code    32  free_rtos_delay.o(i.delay_us)
    fputc                                    0x08001a2d   Thumb Code    46  serial.o(i.fputc)
    main                                     0x08001add   Thumb Code   218  main.o(i.main)
    pvPortMalloc                             0x080022f5   Thumb Code   234  heap_4.o(i.pvPortMalloc)
    pxPortInitialiseStack                    0x080023f5   Thumb Code    30  port.o(i.pxPortInitialiseStack)
    sqrtf                                    0x08002419   Thumb Code    44  sqrtf.o(i.sqrtf)
    uxListRemove                             0x0800251d   Thumb Code    40  list.o(i.uxListRemove)
    vListInitialise                          0x08002545   Thumb Code    26  list.o(i.vListInitialise)
    vListInitialiseItem                      0x0800255f   Thumb Code     6  list.o(i.vListInitialiseItem)
    vListInsert                              0x08002565   Thumb Code    52  list.o(i.vListInsert)
    vPortEnterCritical                       0x08002599   Thumb Code    30  port.o(i.vPortEnterCritical)
    vPortExitCritical                        0x080025bd   Thumb Code    28  port.o(i.vPortExitCritical)
    vPortFree                                0x080025dd   Thumb Code    68  heap_4.o(i.vPortFree)
    vPortSetupTimerInterrupt                 0x08002629   Thumb Code    20  port.o(i.vPortSetupTimerInterrupt)
    vTaskDelay                               0x08002641   Thumb Code    46  tasks.o(i.vTaskDelay)
    vTaskInternalSetTimeOutState             0x08002675   Thumb Code    14  tasks.o(i.vTaskInternalSetTimeOutState)
    vTaskMissedYield                         0x0800268d   Thumb Code     8  tasks.o(i.vTaskMissedYield)
    vTaskPlaceOnEventList                    0x08002699   Thumb Code    28  tasks.o(i.vTaskPlaceOnEventList)
    vTaskStartScheduler                      0x080026b9   Thumb Code    60  tasks.o(i.vTaskStartScheduler)
    vTaskSuspendAll                          0x08002705   Thumb Code    12  tasks.o(i.vTaskSuspendAll)
    vTaskSwitchContext                       0x08002715   Thumb Code    84  tasks.o(i.vTaskSwitchContext)
    xPortStartScheduler                      0x0800277d   Thumb Code    42  port.o(i.xPortStartScheduler)
    xQueueGenericCreate                      0x080027b1   Thumb Code    76  queue.o(i.xQueueGenericCreate)
    xQueueGenericReset                       0x080027fd   Thumb Code   156  queue.o(i.xQueueGenericReset)
    xQueueGenericSend                        0x0800289d   Thumb Code   276  queue.o(i.xQueueGenericSend)
    xQueuePeek                               0x080029b5   Thumb Code   262  queue.o(i.xQueuePeek)
    xQueueReceive                            0x08002ac1   Thumb Code   256  queue.o(i.xQueueReceive)
    xTaskCheckForTimeOut                     0x08002bc5   Thumb Code    88  tasks.o(i.xTaskCheckForTimeOut)
    xTaskCreate                              0x08002c25   Thumb Code    56  tasks.o(i.xTaskCreate)
    xTaskIncrementTick                       0x08002c5d   Thumb Code   372  tasks.o(i.xTaskIncrementTick)
    xTaskRemoveFromEventList                 0x08002dfd   Thumb Code   256  tasks.o(i.xTaskRemoveFromEventList)
    xTaskResumeAll                           0x08002f15   Thumb Code   344  tasks.o(i.xTaskResumeAll)
    OLED_F8x16                               0x08003090   Data        1520  oled.o(.constdata)
    Region$$Table$$Base                      0x08003680   Number         0  anon$$obj.o(Region$$Table)
    Region$$Table$$Limit                     0x080036a0   Number         0  anon$$obj.o(Region$$Table)
    xDHT22Queue                              0x20000014   Data           4  main.o(.data)
    xLightQueue                              0x20000018   Data           4  main.o(.data)
    pxCurrentTCB                             0x20000030   Data           4  tasks.o(.data)
    __stdout                                 0x20000090   Data           4  stdout.o(.data)
    __initial_sp                             0x20004a98   Data           0  startup_stm32f10x_md.o(STACK)



==============================================================================

Memory Map of the image

  Image Entry point : 0x080000ed

  Load Region LR_IROM1 (Base: 0x08000000, Size: 0x00003738, Max: 0x00010000, ABSOLUTE)

    Execution Region ER_IROM1 (Exec base: 0x08000000, Load base: 0x08000000, Size: 0x000036a0, Max: 0x00010000, ABSOLUTE)

    Exec Addr    Load Addr    Size         Type   Attr      Idx    E Section Name        Object

    0x08000000   0x08000000   0x000000ec   Data   RO            3    RESET               startup_stm32f10x_md.o
    0x080000ec   0x080000ec   0x00000000   Code   RO         4532  * .ARM.Collect$$$$00000000  mc_w.l(entry.o)
    0x080000ec   0x080000ec   0x00000004   Code   RO         4817    .ARM.Collect$$$$00000001  mc_w.l(entry2.o)
    0x080000f0   0x080000f0   0x00000004   Code   RO         4820    .ARM.Collect$$$$00000004  mc_w.l(entry5.o)
    0x080000f4   0x080000f4   0x00000000   Code   RO         4822    .ARM.Collect$$$$00000008  mc_w.l(entry7b.o)
    0x080000f4   0x080000f4   0x00000000   Code   RO         4824    .ARM.Collect$$$$0000000A  mc_w.l(entry8b.o)
    0x080000f4   0x080000f4   0x00000008   Code   RO         4825    .ARM.Collect$$$$0000000B  mc_w.l(entry9a.o)
    0x080000fc   0x080000fc   0x00000004   Code   RO         4832    .ARM.Collect$$$$0000000E  mc_w.l(entry12b.o)
    0x08000100   0x08000100   0x00000000   Code   RO         4827    .ARM.Collect$$$$0000000F  mc_w.l(entry10a.o)
    0x08000100   0x08000100   0x00000000   Code   RO         4829    .ARM.Collect$$$$00000011  mc_w.l(entry11a.o)
    0x08000100   0x08000100   0x00000004   Code   RO         4818    .ARM.Collect$$$$00002712  mc_w.l(entry2.o)
    0x08000104   0x08000104   0x00000096   Code   RO         4386    .emb_text           port.o
    0x0800019a   0x0800019a   0x00000002   PAD
    0x0800019c   0x0800019c   0x00000024   Code   RO            4    .text               startup_stm32f10x_md.o
    0x080001c0   0x080001c0   0x00000062   Code   RO         4535    .text               mc_w.l(uldiv.o)
    0x08000222   0x08000222   0x00000024   Code   RO         4537    .text               mc_w.l(memcpya.o)
    0x08000246   0x08000246   0x00000024   Code   RO         4539    .text               mc_w.l(memseta.o)
    0x0800026a   0x0800026a   0x000000b0   Code   RO         4803    .text               mf_w.l(fadd.o)
    0x0800031a   0x0800031a   0x00000064   Code   RO         4805    .text               mf_w.l(fmul.o)
    0x0800037e   0x0800037e   0x0000007c   Code   RO         4807    .text               mf_w.l(fdiv.o)
    0x080003fa   0x080003fa   0x0000000a   Code   RO         4809    .text               mf_w.l(ffltui.o)
    0x08000404   0x08000404   0x00000032   Code   RO         4811    .text               mf_w.l(ffixi.o)
    0x08000436   0x08000436   0x00000028   Code   RO         4813    .text               mf_w.l(ffixui.o)
    0x0800045e   0x0800045e   0x00000002   PAD
    0x08000460   0x08000460   0x00000014   Code   RO         4815    .text               mf_w.l(cfcmple.o)
    0x08000474   0x08000474   0x0000001e   Code   RO         4836    .text               mc_w.l(llshl.o)
    0x08000492   0x08000492   0x00000020   Code   RO         4838    .text               mc_w.l(llushr.o)
    0x080004b2   0x080004b2   0x00000000   Code   RO         4847    .text               mc_w.l(iusefp.o)
    0x080004b2   0x080004b2   0x0000006e   Code   RO         4848    .text               mf_w.l(fepilogue.o)
    0x08000520   0x08000520   0x0000005e   Code   RO         4850    .text               mf_w.l(fsqrt.o)
    0x0800057e   0x0800057e   0x00000002   PAD
    0x08000580   0x08000580   0x00000024   Code   RO         4862    .text               mc_w.l(init.o)
    0x080005a4   0x080005a4   0x00000016   Code   RO          354    i.ADC_Cmd           stm32f10x_adc.o
    0x080005ba   0x080005ba   0x00000014   Code   RO          362    i.ADC_GetCalibrationStatus  stm32f10x_adc.o
    0x080005ce   0x080005ce   0x00000008   Code   RO          363    i.ADC_GetConversionValue  stm32f10x_adc.o
    0x080005d6   0x080005d6   0x00000012   Code   RO          365    i.ADC_GetFlagStatus  stm32f10x_adc.o
    0x080005e8   0x080005e8   0x00000014   Code   RO          368    i.ADC_GetResetCalibrationStatus  stm32f10x_adc.o
    0x080005fc   0x080005fc   0x00000050   Code   RO          372    i.ADC_Init          stm32f10x_adc.o
    0x0800064c   0x0800064c   0x000000b8   Code   RO          376    i.ADC_RegularChannelConfig  stm32f10x_adc.o
    0x08000704   0x08000704   0x0000000a   Code   RO          377    i.ADC_ResetCalibration  stm32f10x_adc.o
    0x0800070e   0x0800070e   0x00000016   Code   RO          379    i.ADC_SoftwareStartConvCmd  stm32f10x_adc.o
    0x08000724   0x08000724   0x0000000a   Code   RO          381    i.ADC_StartCalibration  stm32f10x_adc.o
    0x0800072e   0x0800072e   0x00000014   Code   RO         3571    i.AnomalyDetector_Init  anomaly_detector.o
    0x08000742   0x08000742   0x00000070   Code   RO         3572    i.AnomalyDetector_Update  anomaly_detector.o
    0x080007b2   0x080007b2   0x00000004   Code   RO          137    i.BusFault_Handler  stm32f10x_it.o
    0x080007b6   0x080007b6   0x00000002   PAD
    0x080007b8   0x080007b8   0x00000038   Code   RO         3447    i.DHT22_Init        dht22.o
    0x080007f0   0x080007f0   0x00000062   Code   RO         3448    i.DHT22_Read        dht22.o
    0x08000852   0x08000852   0x00000010   Code   RO         3449    i.DHT22_StartMeasurement  dht22.o
    0x08000862   0x08000862   0x00000002   Code   RO          138    i.DebugMon_Handler  stm32f10x_it.o
    0x08000864   0x08000864   0x0000003e   Code   RO         3539    i.ESP32_SendPacket  usart_esp32.o
    0x080008a2   0x080008a2   0x00000116   Code   RO         1463    i.GPIO_Init         stm32f10x_gpio.o
    0x080009b8   0x080009b8   0x00000090   Code   RO         1465    i.GPIO_PinRemapConfig  stm32f10x_gpio.o
    0x08000a48   0x08000a48   0x00000012   Code   RO         1467    i.GPIO_ReadInputDataBit  stm32f10x_gpio.o
    0x08000a5a   0x08000a5a   0x00000004   Code   RO         1470    i.GPIO_ResetBits    stm32f10x_gpio.o
    0x08000a5e   0x08000a5e   0x00000004   Code   RO         1471    i.GPIO_SetBits      stm32f10x_gpio.o
    0x08000a62   0x08000a62   0x0000000a   Code   RO         1474    i.GPIO_WriteBit     stm32f10x_gpio.o
    0x08000a6c   0x08000a6c   0x00000004   Code   RO          139    i.HardFault_Handler  stm32f10x_it.o
    0x08000a70   0x08000a70   0x00000038   Code   RO         3390    i.LIGHT_Read_AO     light_sensor.o
    0x08000aa8   0x08000aa8   0x00000088   Code   RO         3392    i.LIGHT_Sensor_Init  light_sensor.o
    0x08000b30   0x08000b30   0x00000050   Code   RO         3450    i.MeasurePulseWidth  dht22.o
    0x08000b80   0x08000b80   0x00000004   Code   RO          140    i.MemManage_Handler  stm32f10x_it.o
    0x08000b84   0x08000b84   0x00000002   Code   RO          141    i.NMI_Handler       stm32f10x_it.o
    0x08000b86   0x08000b86   0x0000002a   Code   RO         3279    i.OLED_Clear        oled.o
    0x08000bb0   0x08000bb0   0x00000060   Code   RO         3280    i.OLED_I2C_Init     oled.o
    0x08000c10   0x08000c10   0x00000054   Code   RO         3281    i.OLED_I2C_SendByte  oled.o
    0x08000c64   0x08000c64   0x00000034   Code   RO         3282    i.OLED_I2C_Start    oled.o
    0x08000c98   0x08000c98   0x00000028   Code   RO         3283    i.OLED_I2C_Stop     oled.o
    0x08000cc0   0x08000cc0   0x000000ae   Code   RO         3284    i.OLED_Init         oled.o
    0x08000d6e   0x08000d6e   0x00000014   Code   RO         3285    i.OLED_Pow          oled.o
    0x08000d82   0x08000d82   0x00000022   Code   RO         3286    i.OLED_SetCursor    oled.o
    0x08000da4   0x08000da4   0x00000074   Code   RO         3288    i.OLED_ShowChar     oled.o
    0x08000e18   0x08000e18   0x00000044   Code   RO         3290    i.OLED_ShowNum      oled.o
    0x08000e5c   0x08000e5c   0x00000066   Code   RO         3291    i.OLED_ShowSignedNum  oled.o
    0x08000ec2   0x08000ec2   0x00000028   Code   RO         3292    i.OLED_ShowString   oled.o
    0x08000eea   0x08000eea   0x00000020   Code   RO         3293    i.OLED_WriteCommand  oled.o
    0x08000f0a   0x08000f0a   0x00000020   Code   RO         3294    i.OLED_WriteData    oled.o
    0x08000f2a   0x08000f2a   0x00000002   PAD
    0x08000f2c   0x08000f2c   0x00000064   Code   RO         3451    i.ParseData         dht22.o
    0x08000f90   0x08000f90   0x00000018   Code   RO         1877    i.RCC_ADCCLKConfig  stm32f10x_rcc.o
    0x08000fa8   0x08000fa8   0x00000020   Code   RO         1879    i.RCC_APB1PeriphClockCmd  stm32f10x_rcc.o
    0x08000fc8   0x08000fc8   0x00000020   Code   RO         1881    i.RCC_APB2PeriphClockCmd  stm32f10x_rcc.o
    0x08000fe8   0x08000fe8   0x000000d4   Code   RO         1889    i.RCC_GetClocksFreq  stm32f10x_rcc.o
    0x080010bc   0x080010bc   0x00000042   Code   RO         3452    i.ReadBit           dht22.o
    0x080010fe   0x080010fe   0x00000058   Code   RO         3453    i.ReadData          dht22.o
    0x08001156   0x08001156   0x00000090   Code   RO         3573    i.RecalcStats       anomaly_detector.o
    0x080011e6   0x080011e6   0x00000002   PAD
    0x080011e8   0x080011e8   0x00000054   Code   RO         3454    i.SendStartSignal   dht22.o
    0x0800123c   0x0800123c   0x00000090   Code   RO         3514    i.Serial_Init       serial.o
    0x080012cc   0x080012cc   0x00000008   Code   RO           24    i.SetSysClock       system_stm32f10x.o
    0x080012d4   0x080012d4   0x000000e0   Code   RO           25    i.SetSysClockTo72   system_stm32f10x.o
    0x080013b4   0x080013b4   0x00000034   Code   RO         4387    i.SysTick_Handler   port.o
    0x080013e8   0x080013e8   0x00000060   Code   RO           27    i.SystemInit        system_stm32f10x.o
    0x08001448   0x08001448   0x00000038   Code   RO         3417    i.TIM2_Delay_Init   free_rtos_delay.o
    0x08001480   0x08001480   0x00000018   Code   RO         2513    i.TIM_Cmd           stm32f10x_tim.o
    0x08001498   0x08001498   0x00000006   Code   RO         2532    i.TIM_GetCounter    stm32f10x_tim.o
    0x0800149e   0x0800149e   0x00000002   PAD
    0x080014a0   0x080014a0   0x000000a4   Code   RO         2584    i.TIM_TimeBaseInit  stm32f10x_tim.o
    0x08001544   0x08001544   0x0000007c   Code   RO         3540    i.USART2_ESP32_Init  usart_esp32.o
    0x080015c0   0x080015c0   0x00000030   Code   RO         3541    i.USART2_SendByte   usart_esp32.o
    0x080015f0   0x080015f0   0x00000018   Code   RO         3049    i.USART_Cmd         stm32f10x_usart.o
    0x08001608   0x08001608   0x0000001a   Code   RO         3052    i.USART_GetFlagStatus  stm32f10x_usart.o
    0x08001622   0x08001622   0x00000002   PAD
    0x08001624   0x08001624   0x000000d8   Code   RO         3056    i.USART_Init        stm32f10x_usart.o
    0x080016fc   0x080016fc   0x00000008   Code   RO         3066    i.USART_SendData    stm32f10x_usart.o
    0x08001704   0x08001704   0x00000004   Code   RO          142    i.UsageFault_Handler  stm32f10x_it.o
    0x08001708   0x08001708   0x00000020   Code   RO         3455    i.VerifyChecksum    dht22.o
    0x08001728   0x08001728   0x00000038   Code   RO         3456    i.WaitForPinLevel   dht22.o
    0x08001760   0x08001760   0x0000003e   Code   RO         3457    i.WaitForResponse   dht22.o
    0x0800179e   0x0800179e   0x00000002   PAD
    0x080017a0   0x080017a0   0x00000010   Code   RO         4544    i.__0printf$bare    mc_w.l(printfb.o)
    0x080017b0   0x080017b0   0x0000000e   Code   RO         4870    i.__scatterload_copy  mc_w.l(handlers.o)
    0x080017be   0x080017be   0x00000002   Code   RO         4871    i.__scatterload_null  mc_w.l(handlers.o)
    0x080017c0   0x080017c0   0x0000000e   Code   RO         4872    i.__scatterload_zeroinit  mc_w.l(handlers.o)
    0x080017ce   0x080017ce   0x00000002   PAD
    0x080017d0   0x080017d0   0x0000000c   Code   RO         4842    i.__set_errno       mc_w.l(errno.o)
    0x080017dc   0x080017dc   0x00000022   Code   RO         4551    i._printf_core      mc_w.l(printfb.o)
    0x080017fe   0x080017fe   0x00000038   Code   RO         3418    i.delay_ms          free_rtos_delay.o
    0x08001836   0x08001836   0x00000020   Code   RO         3419    i.delay_us          free_rtos_delay.o
    0x08001856   0x08001856   0x00000002   PAD
    0x08001858   0x08001858   0x000000c8   Code   RO          205    i.dht22Task         main.o
    0x08001920   0x08001920   0x0000010c   Code   RO          206    i.displayTask       main.o
    0x08001a2c   0x08001a2c   0x00000034   Code   RO         3515    i.fputc             serial.o
    0x08001a60   0x08001a60   0x0000007c   Code   RO          207    i.light_sensorTask  main.o
    0x08001adc   0x08001adc   0x0000015c   Code   RO          208    i.main              main.o
    0x08001c38   0x08001c38   0x0000002c   Code   RO          209    i.myTask            main.o
    0x08001c64   0x08001c64   0x00000024   Code   RO          210    i.printhello        main.o
    0x08001c88   0x08001c88   0x000000cc   Code   RO         4061    i.prvAddCurrentTaskToDelayedList  tasks.o
    0x08001d54   0x08001d54   0x000000f0   Code   RO         4062    i.prvAddNewTaskToReadyList  tasks.o
    0x08001e44   0x08001e44   0x00000048   Code   RO         4063    i.prvCheckTasksWaitingTermination  tasks.o
    0x08001e8c   0x08001e8c   0x0000002a   Code   RO         3751    i.prvCopyDataFromQueue  queue.o
    0x08001eb6   0x08001eb6   0x0000006a   Code   RO         3752    i.prvCopyDataToQueue  queue.o
    0x08001f20   0x08001f20   0x00000068   Code   RO         4064    i.prvCreateIdleTasks  tasks.o
    0x08001f88   0x08001f88   0x0000005a   Code   RO         4065    i.prvCreateTask     tasks.o
    0x08001fe2   0x08001fe2   0x00000012   Code   RO         4066    i.prvDeleteTCB      tasks.o
    0x08001ff4   0x08001ff4   0x0000006c   Code   RO         4457    i.prvHeapInit       heap_4.o
    0x08002060   0x08002060   0x00000028   Code   RO         4067    i.prvIdleTask       tasks.o
    0x08002088   0x08002088   0x00000026   Code   RO         3753    i.prvInitialiseNewQueue  queue.o
    0x080020ae   0x080020ae   0x0000007a   Code   RO         4068    i.prvInitialiseNewTask  tasks.o
    0x08002128   0x08002128   0x00000068   Code   RO         4069    i.prvInitialiseTaskLists  tasks.o
    0x08002190   0x08002190   0x00000068   Code   RO         4458    i.prvInsertBlockIntoFreeList  heap_4.o
    0x080021f8   0x080021f8   0x0000001a   Code   RO         3754    i.prvIsQueueEmpty   queue.o
    0x08002212   0x08002212   0x0000001e   Code   RO         3755    i.prvIsQueueFull    queue.o
    0x08002230   0x08002230   0x00000030   Code   RO         4070    i.prvResetNextTaskUnblockTime  tasks.o
    0x08002260   0x08002260   0x00000016   Code   RO         4388    i.prvTaskExitError  port.o
    0x08002276   0x08002276   0x0000007e   Code   RO         3756    i.prvUnlockQueue    queue.o
    0x080022f4   0x080022f4   0x00000100   Code   RO         4460    i.pvPortMalloc      heap_4.o
    0x080023f4   0x080023f4   0x00000024   Code   RO         4389    i.pxPortInitialiseStack  port.o
    0x08002418   0x08002418   0x0000002c   Code   RO         4525    i.sqrtf             m_ws.l(sqrtf.o)
    0x08002444   0x08002444   0x000000d8   Code   RO          211    i.usart_esp32Task   main.o
    0x0800251c   0x0800251c   0x00000028   Code   RO         3712    i.uxListRemove      list.o
    0x08002544   0x08002544   0x0000001a   Code   RO         3713    i.vListInitialise   list.o
    0x0800255e   0x0800255e   0x00000006   Code   RO         3714    i.vListInitialiseItem  list.o
    0x08002564   0x08002564   0x00000034   Code   RO         3715    i.vListInsert       list.o
    0x08002598   0x08002598   0x00000024   Code   RO         4391    i.vPortEnterCritical  port.o
    0x080025bc   0x080025bc   0x00000020   Code   RO         4392    i.vPortExitCritical  port.o
    0x080025dc   0x080025dc   0x0000004c   Code   RO         4461    i.vPortFree         heap_4.o
    0x08002628   0x08002628   0x00000018   Code   RO         4393    i.vPortSetupTimerInterrupt  port.o
    0x08002640   0x08002640   0x00000034   Code   RO         4078    i.vTaskDelay        tasks.o
    0x08002674   0x08002674   0x00000018   Code   RO         4082    i.vTaskInternalSetTimeOutState  tasks.o
    0x0800268c   0x0800268c   0x0000000c   Code   RO         4083    i.vTaskMissedYield  tasks.o
    0x08002698   0x08002698   0x00000020   Code   RO         4084    i.vTaskPlaceOnEventList  tasks.o
    0x080026b8   0x080026b8   0x0000004c   Code   RO         4091    i.vTaskStartScheduler  tasks.o
    0x08002704   0x08002704   0x00000010   Code   RO         4093    i.vTaskSuspendAll   tasks.o
    0x08002714   0x08002714   0x00000068   Code   RO         4094    i.vTaskSwitchContext  tasks.o
    0x0800277c   0x0800277c   0x00000034   Code   RO         4394    i.xPortStartScheduler  port.o
    0x080027b0   0x080027b0   0x0000004c   Code   RO         3763    i.xQueueGenericCreate  queue.o
    0x080027fc   0x080027fc   0x000000a0   Code   RO         3764    i.xQueueGenericReset  queue.o
    0x0800289c   0x0800289c   0x00000118   Code   RO         3765    i.xQueueGenericSend  queue.o
    0x080029b4   0x080029b4   0x0000010c   Code   RO         3770    i.xQueuePeek        queue.o
    0x08002ac0   0x08002ac0   0x00000104   Code   RO         3772    i.xQueueReceive     queue.o
    0x08002bc4   0x08002bc4   0x00000060   Code   RO         4096    i.xTaskCheckForTimeOut  tasks.o
    0x08002c24   0x08002c24   0x00000038   Code   RO         4097    i.xTaskCreate       tasks.o
    0x08002c5c   0x08002c5c   0x000001a0   Code   RO         4107    i.xTaskIncrementTick  tasks.o
    0x08002dfc   0x08002dfc   0x00000118   Code   RO         4108    i.xTaskRemoveFromEventList  tasks.o
    0x08002f14   0x08002f14   0x0000017c   Code   RO         4109    i.xTaskResumeAll    tasks.o
    0x08003090   0x08003090   0x000005f0   Data   RO         3295    .constdata          oled.o
    0x08003680   0x08003680   0x00000020   Data   RO         4868    Region$$Table       anon$$obj.o


    Execution Region RW_IRAM1 (Exec base: 0x20000000, Load base: 0x080036a0, Size: 0x00004a98, Max: 0x00005000, ABSOLUTE)

    Exec Addr    Load Addr    Size         Type   Attr      Idx    E Section Name        Object

    0x20000000   0x080036a0   0x0000001c   Data   RW          213    .data               main.o
    0x2000001c   0x080036bc   0x00000014   Data   RW         1909    .data               stm32f10x_rcc.o
    0x20000030   0x080036d0   0x00000040   Data   RW         4112    .data               tasks.o
    0x20000070   0x08003710   0x00000004   Data   RW         4395    .data               port.o
    0x20000074   0x08003714   0x0000001c   Data   RW         4468    .data               heap_4.o
    0x20000090   0x08003730   0x00000004   Data   RW         4833    .data               mc_w.l(stdout.o)
    0x20000094   0x08003734   0x00000004   Data   RW         4843    .data               mc_w.l(errno.o)
    0x20000098        -       0x00000138   Zero   RW          212    .bss                main.o
    0x200001d0        -       0x000000c8   Zero   RW         4111    .bss                tasks.o
    0x20000298        -       0x00004400   Zero   RW         4467    .bss                heap_4.o
    0x20004698        -       0x00000400   Zero   RW            1    STACK               startup_stm32f10x_md.o


==============================================================================

Image component sizes


      Code (inc. data)   RO Data    RW Data    ZI Data      Debug   Object Name

       276          0          0          0          0       2872   anomaly_detector.o
         0          0          0          0          0       4516   core_cm3.o
       738         24          0          0          0       7379   dht22.o
         0          0          0          0          0      15108   event_groups.o
       144          0          0          0          0       1392   free_rtos_delay.o
       544         58          0         28      17408       4659   heap_4.o
       192         16          0          0          0       1000   light_sensor.o
       124          0          0          0          0       2461   list.o
      1236        262          0         28        312      24489   main.o
       932         22       1520          0          0       7514   oled.o
       404         48          0          4          0       8616   port.o
      1412         18          0          0          0      12424   queue.o
       196         14          0          0          0       2670   serial.o
        36          8        236          0       1024        772   startup_stm32f10x_md.o
       394         10          0          0          0       7321   stm32f10x_adc.o
       458          6          0          0          0       4662   stm32f10x_gpio.o
        20          0          0          0          0     214477   stm32f10x_it.o
       300         38          0         20          0       4653   stm32f10x_rcc.o
       194         42          0          0          0       2090   stm32f10x_tim.o
       274          6          0          0          0       3756   stm32f10x_usart.o
       328         28          0          0          0      45005   system_stm32f10x.o
      2586        314          0         64        200      30929   tasks.o
       234         16          0          0          0       2535   usart_esp32.o

    ----------------------------------------------------------------------
     11038        930       1788        144      18944     411300   Object Totals
         0          0         32          0          0          0   (incl. Generated)
        16          0          0          0          0          0   (incl. Padding)

    ----------------------------------------------------------------------

      Code (inc. data)   RO Data    RW Data    ZI Data      Debug   Library Member Name

        44          0          0          0          0         80   sqrtf.o
         0          0          0          0          0          0   entry.o
         0          0          0          0          0          0   entry10a.o
         0          0          0          0          0          0   entry11a.o
         4          0          0          0          0          0   entry12b.o
         8          4          0          0          0          0   entry2.o
         4          0          0          0          0          0   entry5.o
         0          0          0          0          0          0   entry7b.o
         0          0          0          0          0          0   entry8b.o
         8          4          0          0          0          0   entry9a.o
        12          6          0          4          0         68   errno.o
        30          0          0          0          0          0   handlers.o
        36          8          0          0          0         68   init.o
         0          0          0          0          0          0   iusefp.o
        30          0          0          0          0         68   llshl.o
        32          0          0          0          0         68   llushr.o
        36          0          0          0          0         68   memcpya.o
        36          0          0          0          0        108   memseta.o
        50          8          0          0          0        152   printfb.o
         0          0          0          4          0          0   stdout.o
        98          0          0          0          0         92   uldiv.o
        20          0          0          0          0         68   cfcmple.o
       176          0          0          0          0        140   fadd.o
       124          0          0          0          0         88   fdiv.o
       110          0          0          0          0        168   fepilogue.o
        50          0          0          0          0         68   ffixi.o
        40          0          0          0          0         68   ffixui.o
        10          0          0          0          0         68   ffltui.o
       100          0          0          0          0         76   fmul.o
        94          0          0          0          0         96   fsqrt.o

    ----------------------------------------------------------------------
      1158         30          0          8          0       1612   Library Totals
         6          0          0          0          0          0   (incl. Padding)

    ----------------------------------------------------------------------

      Code (inc. data)   RO Data    RW Data    ZI Data      Debug   Library Name

        44          0          0          0          0         80   m_ws.l
       384         30          0          8          0        692   mc_w.l
       724          0          0          0          0        840   mf_w.l

    ----------------------------------------------------------------------
      1158         30          0          8          0       1612   Library Totals

    ----------------------------------------------------------------------

==============================================================================


      Code (inc. data)   RO Data    RW Data    ZI Data      Debug   

     12196        960       1788        152      18944     405680   Grand Totals
     12196        960       1788        152      18944     405680   ELF Image Totals
     12196        960       1788        152          0          0   ROM Totals

==============================================================================

    Total RO  Size (Code + RO Data)                13984 (  13.66kB)
    Total RW  Size (RW Data + ZI Data)             19096 (  18.65kB)
    Total ROM Size (Code + RO Data + RW Data)      14136 (  13.80kB)

==============================================================================

